../Core/Src/lcd.c:48:6:LCD_Initialization	0	static
../Core/Src/lcd.c:134:13:get_label_name	12	static
../Core/Src/lcd.c:144:6:set_text	304	static
../Core/Src/lcd.c:157:6:LCD_DisplayText	8	static
../Core/Src/lcd.c:171:6:LCD_IntToString	12	static
../Core/Src/lcd.c:197:6:LCD_DisplayNumber	32	static
../Core/Src/lcd.c:216:6:set_visible	280	static
../Core/Src/lcd.c:231:6:LCD_DisplayIcon	8	static
../Core/Src/lcd.c:283:13:get_window_name_from_index	8	static
../Core/Src/lcd.c:293:6:open_win	288	static
../Core/Src/lcd.c:306:6:set_image	280	static
../Core/Src/lcd.c:318:6:LCD_DisplayImage	8	static
../Core/Src/lcd.c:334:6:LCD_DisplayScreenStandby	0	static
../Core/Src/lcd.c:340:6:LCD_DisplayNewPatientSelection	0	static
../Core/Src/lcd.c:345:6:LCD_DisplayNewPatientSelectionMenu	8	static
../Core/Src/lcd.c:360:6:LCD_DisplayConfirmNewPatient	0	static
../Core/Src/lcd.c:365:6:LCD_DisplayFlashErasingScreen	0	static
../Core/Src/lcd.c:370:6:LCD_DisplayClampTubesMain	0	static
../Core/Src/lcd.c:375:6:LCD_DisplayClampTubesPause	0	static
../Core/Src/lcd.c:380:6:LCD_DisplayUnclampTubes	72	static
../Core/Src/lcd.c:396:6:LCD_ConfirmParameterAndBeginSuctionScreen	0	static
../Core/Src/lcd.c:489:6:LCD_DisplayLowBattery	0	static
../Core/Src/lcd.c:532:6:LCD_DisplayAlertScreen1	24	static
../Core/Src/lcd.c:546:6:LCD_DisplayAlertScreen2	40	static
../Core/Src/lcd.c:557:6:LCD_DisplayBatteryCharge	80	static
../Core/Src/lcd.c:586:6:LCD_DisplayNewMainSettingsPage1	0	static
../Core/Src/lcd.c:600:6:LCD_DisplayNewMainSettingsPage2	0	static
../Core/Src/lcd.c:696:6:LCD_DisplayPharyngealPortSuction	0	static
../Core/Src/lcd.c:728:6:LCD_DisplaySubglotticPortSuction	0	static
../Core/Src/lcd.c:761:6:LCD_DisplayInsideEtTubeSuction	0	static
../Core/Src/lcd.c:794:6:LCD_DisplayWaitScreen	0	static
../Core/Src/lcd.c:833:6:LCD_DisplayBeginSuction	0	static
../Core/Src/lcd.c:846:6:LCD_DisplayPauseScreen	0	static
