../Core/Src/lcd.c:48:6:LCD_Initialization	4	static
../Core/Src/lcd.c:141:13:get_label_name	24	static
../Core/Src/lcd.c:151:6:set_text	312	static
../Core/Src/lcd.c:164:6:LCD_DisplayText	32	static
../Core/Src/lcd.c:178:6:LCD_IntToString	24	static
../Core/Src/lcd.c:204:6:LCD_DisplayNumber	48	static
../Core/Src/lcd.c:223:6:set_visible	280	static
../Core/Src/lcd.c:235:6:LCD_DisplayIcon	24	static
../Core/Src/lcd.c:288:13:get_window_name_from_index	24	static
../Core/Src/lcd.c:298:6:open_win	296	static
../Core/Src/lcd.c:311:6:set_image	280	static
../Core/Src/lcd.c:323:6:LCD_DisplayImage	24	static
../Core/Src/lcd.c:339:6:LCD_DisplayScreenStandby	8	static
../Core/Src/lcd.c:345:6:LCD_DisplayNewPatientSelection	8	static
../Core/Src/lcd.c:350:6:LCD_DisplayNewPatientSelectionMenu	16	static
../Core/Src/lcd.c:365:6:LCD_DisplayConfirmNewPatient	8	static
../Core/Src/lcd.c:370:6:LCD_DisplayFlashErasingScreen	8	static
../Core/Src/lcd.c:375:6:LCD_DisplayClampTubesMain	8	static
../Core/Src/lcd.c:380:6:LCD_DisplayClampTubesPause	8	static
../Core/Src/lcd.c:385:6:LCD_DisplayUnclampTubes	72	static
../Core/Src/lcd.c:401:6:LCD_ConfirmParameterAndBeginSuctionScreen	8	static
../Core/Src/lcd.c:494:6:LCD_DisplayLowBattery	8	static
../Core/Src/lcd.c:537:6:LCD_DisplayAlertScreen1	32	static
../Core/Src/lcd.c:551:6:LCD_DisplayAlertScreen2	32	static
../Core/Src/lcd.c:562:6:LCD_DisplayBatteryCharge	80	static
../Core/Src/lcd.c:591:6:LCD_DisplayNewMainSettingsPage1	8	static
../Core/Src/lcd.c:605:6:LCD_DisplayNewMainSettingsPage2	8	static
../Core/Src/lcd.c:701:6:LCD_DisplayPharyngealPortSuction	8	static
../Core/Src/lcd.c:733:6:LCD_DisplaySubglotticPortSuction	8	static
../Core/Src/lcd.c:766:6:LCD_DisplayInsideEtTubeSuction	8	static
../Core/Src/lcd.c:799:6:LCD_DisplayWaitScreen	8	static
../Core/Src/lcd.c:838:6:LCD_DisplayBeginSuction	8	static
../Core/Src/lcd.c:851:6:LCD_DisplayPauseScreen	8	static
