../Core/Src/lcd.c:48:6:LCD_Initialization	4	static
../Core/Src/lcd.c:134:13:get_label_name	24	static
../Core/Src/lcd.c:144:6:set_text	312	static
../Core/Src/lcd.c:157:6:LCD_DisplayText	32	static
../Core/Src/lcd.c:171:6:LCD_IntToString	24	static
../Core/Src/lcd.c:197:6:LCD_DisplayNumber	48	static
../Core/Src/lcd.c:216:6:set_visible	280	static
../Core/Src/lcd.c:231:6:LCD_DisplayIcon	24	static
../Core/Src/lcd.c:283:13:get_window_name_from_index	24	static
../Core/Src/lcd.c:293:6:open_win	296	static
../Core/Src/lcd.c:306:6:set_image	280	static
../Core/Src/lcd.c:318:6:LCD_DisplayImage	24	static
../Core/Src/lcd.c:334:6:LCD_DisplayScreenStandby	8	static
../Core/Src/lcd.c:340:6:LCD_DisplayNewPatientSelection	8	static
../Core/Src/lcd.c:345:6:LCD_DisplayNewPatientSelectionMenu	16	static
../Core/Src/lcd.c:360:6:LCD_DisplayConfirmNewPatient	8	static
../Core/Src/lcd.c:365:6:LCD_DisplayFlashErasingScreen	8	static
../Core/Src/lcd.c:370:6:LCD_DisplayClampTubesMain	8	static
../Core/Src/lcd.c:375:6:LCD_DisplayClampTubesPause	8	static
../Core/Src/lcd.c:380:6:LCD_DisplayUnclampTubes	72	static
../Core/Src/lcd.c:396:6:LCD_ConfirmParameterAndBeginSuctionScreen	8	static
../Core/Src/lcd.c:489:6:LCD_DisplayLowBattery	8	static
../Core/Src/lcd.c:532:6:LCD_DisplayAlertScreen1	32	static
../Core/Src/lcd.c:546:6:LCD_DisplayAlertScreen2	32	static
../Core/Src/lcd.c:557:6:LCD_DisplayBatteryCharge	80	static
../Core/Src/lcd.c:586:6:LCD_DisplayNewMainSettingsPage1	8	static
../Core/Src/lcd.c:600:6:LCD_DisplayNewMainSettingsPage2	8	static
../Core/Src/lcd.c:696:6:LCD_DisplayPharyngealPortSuction	8	static
../Core/Src/lcd.c:728:6:LCD_DisplaySubglotticPortSuction	8	static
../Core/Src/lcd.c:761:6:LCD_DisplayInsideEtTubeSuction	8	static
../Core/Src/lcd.c:794:6:LCD_DisplayWaitScreen	8	static
../Core/Src/lcd.c:833:6:LCD_DisplayBeginSuction	8	static
../Core/Src/lcd.c:846:6:LCD_DisplayPauseScreen	8	static
