Archive member included to satisfy reference by file (symbol)

C:/ST/STM32CubeIDE_1.17.0/STM32CubeIDE/plugins/com.st.stm32cube.ide.mcu.externaltools.gnu-tools-for-stm32.12.3.rel1.win32_1.1.0.202410251130/tools/bin/../lib/gcc/arm-none-eabi/12.3.1/../../../../arm-none-eabi/lib/thumb/v7-m/nofp\libc_nano.a(libc_a-exit.o)
                              C:/ST/STM32CubeIDE_1.17.0/STM32CubeIDE/plugins/com.st.stm32cube.ide.mcu.externaltools.gnu-tools-for-stm32.12.3.rel1.win32_1.1.0.202410251130/tools/bin/../lib/gcc/arm-none-eabi/12.3.1/../../../../arm-none-eabi/lib/thumb/v7-m/nofp/crt0.o (exit)
C:/ST/STM32CubeIDE_1.17.0/STM32CubeIDE/plugins/com.st.stm32cube.ide.mcu.externaltools.gnu-tools-for-stm32.12.3.rel1.win32_1.1.0.202410251130/tools/bin/../lib/gcc/arm-none-eabi/12.3.1/../../../../arm-none-eabi/lib/thumb/v7-m/nofp\libc_nano.a(libc_a-findfp.o)
                              C:/ST/STM32CubeIDE_1.17.0/STM32CubeIDE/plugins/com.st.stm32cube.ide.mcu.externaltools.gnu-tools-for-stm32.12.3.rel1.win32_1.1.0.202410251130/tools/bin/../lib/gcc/arm-none-eabi/12.3.1/../../../../arm-none-eabi/lib/thumb/v7-m/nofp\libc_nano.a(libc_a-exit.o) (__stdio_exit_handler)
C:/ST/STM32CubeIDE_1.17.0/STM32CubeIDE/plugins/com.st.stm32cube.ide.mcu.externaltools.gnu-tools-for-stm32.12.3.rel1.win32_1.1.0.202410251130/tools/bin/../lib/gcc/arm-none-eabi/12.3.1/../../../../arm-none-eabi/lib/thumb/v7-m/nofp\libc_nano.a(libc_a-fwalk.o)
                              C:/ST/STM32CubeIDE_1.17.0/STM32CubeIDE/plugins/com.st.stm32cube.ide.mcu.externaltools.gnu-tools-for-stm32.12.3.rel1.win32_1.1.0.202410251130/tools/bin/../lib/gcc/arm-none-eabi/12.3.1/../../../../arm-none-eabi/lib/thumb/v7-m/nofp\libc_nano.a(libc_a-findfp.o) (_fwalk_sglue)
C:/ST/STM32CubeIDE_1.17.0/STM32CubeIDE/plugins/com.st.stm32cube.ide.mcu.externaltools.gnu-tools-for-stm32.12.3.rel1.win32_1.1.0.202410251130/tools/bin/../lib/gcc/arm-none-eabi/12.3.1/../../../../arm-none-eabi/lib/thumb/v7-m/nofp\libc_nano.a(libc_a-snprintf.o)
                              ./Core/Src/lcd.o (snprintf)
C:/ST/STM32CubeIDE_1.17.0/STM32CubeIDE/plugins/com.st.stm32cube.ide.mcu.externaltools.gnu-tools-for-stm32.12.3.rel1.win32_1.1.0.202410251130/tools/bin/../lib/gcc/arm-none-eabi/12.3.1/../../../../arm-none-eabi/lib/thumb/v7-m/nofp\libc_nano.a(libc_a-stdio.o)
                              C:/ST/STM32CubeIDE_1.17.0/STM32CubeIDE/plugins/com.st.stm32cube.ide.mcu.externaltools.gnu-tools-for-stm32.12.3.rel1.win32_1.1.0.202410251130/tools/bin/../lib/gcc/arm-none-eabi/12.3.1/../../../../arm-none-eabi/lib/thumb/v7-m/nofp\libc_nano.a(libc_a-findfp.o) (__sread)
C:/ST/STM32CubeIDE_1.17.0/STM32CubeIDE/plugins/com.st.stm32cube.ide.mcu.externaltools.gnu-tools-for-stm32.12.3.rel1.win32_1.1.0.202410251130/tools/bin/../lib/gcc/arm-none-eabi/12.3.1/../../../../arm-none-eabi/lib/thumb/v7-m/nofp\libc_nano.a(libc_a-memset.o)
                              C:/ST/STM32CubeIDE_1.17.0/STM32CubeIDE/plugins/com.st.stm32cube.ide.mcu.externaltools.gnu-tools-for-stm32.12.3.rel1.win32_1.1.0.202410251130/tools/bin/../lib/gcc/arm-none-eabi/12.3.1/../../../../arm-none-eabi/lib/thumb/v7-m/nofp/crt0.o (memset)
C:/ST/STM32CubeIDE_1.17.0/STM32CubeIDE/plugins/com.st.stm32cube.ide.mcu.externaltools.gnu-tools-for-stm32.12.3.rel1.win32_1.1.0.202410251130/tools/bin/../lib/gcc/arm-none-eabi/12.3.1/../../../../arm-none-eabi/lib/thumb/v7-m/nofp\libc_nano.a(libc_a-strncat.o)
                              ./Core/Src/lcd.o (strncat)
C:/ST/STM32CubeIDE_1.17.0/STM32CubeIDE/plugins/com.st.stm32cube.ide.mcu.externaltools.gnu-tools-for-stm32.12.3.rel1.win32_1.1.0.202410251130/tools/bin/../lib/gcc/arm-none-eabi/12.3.1/../../../../arm-none-eabi/lib/thumb/v7-m/nofp\libc_nano.a(libc_a-closer.o)
                              C:/ST/STM32CubeIDE_1.17.0/STM32CubeIDE/plugins/com.st.stm32cube.ide.mcu.externaltools.gnu-tools-for-stm32.12.3.rel1.win32_1.1.0.202410251130/tools/bin/../lib/gcc/arm-none-eabi/12.3.1/../../../../arm-none-eabi/lib/thumb/v7-m/nofp\libc_nano.a(libc_a-stdio.o) (_close_r)
C:/ST/STM32CubeIDE_1.17.0/STM32CubeIDE/plugins/com.st.stm32cube.ide.mcu.externaltools.gnu-tools-for-stm32.12.3.rel1.win32_1.1.0.202410251130/tools/bin/../lib/gcc/arm-none-eabi/12.3.1/../../../../arm-none-eabi/lib/thumb/v7-m/nofp\libc_nano.a(libc_a-reent.o)
                              C:/ST/STM32CubeIDE_1.17.0/STM32CubeIDE/plugins/com.st.stm32cube.ide.mcu.externaltools.gnu-tools-for-stm32.12.3.rel1.win32_1.1.0.202410251130/tools/bin/../lib/gcc/arm-none-eabi/12.3.1/../../../../arm-none-eabi/lib/thumb/v7-m/nofp\libc_nano.a(libc_a-closer.o) (errno)
C:/ST/STM32CubeIDE_1.17.0/STM32CubeIDE/plugins/com.st.stm32cube.ide.mcu.externaltools.gnu-tools-for-stm32.12.3.rel1.win32_1.1.0.202410251130/tools/bin/../lib/gcc/arm-none-eabi/12.3.1/../../../../arm-none-eabi/lib/thumb/v7-m/nofp\libc_nano.a(libc_a-impure.o)
[...]
Memory Configuration

Name             Origin             Length             Attributes
RAM              0x20000000         0x00014000         xrw
FLASH            0x08000000         0x00080000         xr
*default*        0x00000000         0xffffffff

Linker script and memory map

LOAD C:/ST/STM32CubeIDE_1.17.0/STM32CubeIDE/plugins/com.st.stm32cube.ide.mcu.externaltools.gnu-tools-for-stm32.12.3.rel1.win32_1.1.0.202410251130/tools/bin/../lib/gcc/arm-none-eabi/12.3.1/thumb/v7-m/nofp/crti.o
LOAD C:/ST/STM32CubeIDE_1.17.0/STM32CubeIDE/plugins/com.st.stm32cube.ide.mcu.externaltools.gnu-tools-for-stm32.12.3.rel1.win32_1.1.0.202410251130/tools/bin/../lib/gcc/arm-none-eabi/12.3.1/thumb/v7-m/nofp/crtbegin.o
LOAD C:/ST/STM32CubeIDE_1.17.0/STM32CubeIDE/plugins/com.st.stm32cube.ide.mcu.externaltools.gnu-tools-for-stm32.12.3.rel1.win32_1.1.0.202410251130/tools/bin/../lib/gcc/arm-none-eabi/12.3.1/../../../../arm-none-eabi/lib/thumb/v7-m/nofp/crt0.o
LOAD ./Core/Src/adc.o
LOAD ./Core/Src/gpio.o
LOAD ./Core/Src/i2c.o
LOAD ./Core/Src/kbd.o
LOAD ./Core/Src/lcd.o
LOAD ./Core/Src/main.o
LOAD ./Core/Src/spi.o
LOAD ./Core/Src/stm32l1xx_hal_msp.o
LOAD ./Core/Src/stm32l1xx_it.o
LOAD ./Core/Src/syscalls.o
LOAD ./Core/Src/sysmem.o
LOAD ./Core/Src/system_stm32l1xx.o
LOAD ./Core/Src/tim.o
LOAD ./Core/Src/usart.o
LOAD ./Core/Src/vapcare.o
LOAD ./Core/Startup/startup_stm32l151vetx.o
LOAD ./Drivers/STM32L1xx_HAL_Driver/Src/stm32l1xx_hal.o
LOAD ./Drivers/STM32L1xx_HAL_Driver/Src/stm32l1xx_hal_adc.o
LOAD ./Drivers/STM32L1xx_HAL_Driver/Src/stm32l1xx_hal_adc_ex.o
LOAD ./Drivers/STM32L1xx_HAL_Driver/Src/stm32l1xx_hal_cortex.o
LOAD ./Drivers/STM32L1xx_HAL_Driver/Src/stm32l1xx_hal_dma.o
LOAD ./Drivers/STM32L1xx_HAL_Driver/Src/stm32l1xx_hal_exti.o
LOAD ./Drivers/STM32L1xx_HAL_Driver/Src/stm32l1xx_hal_flash.o
LOAD ./Drivers/STM32L1xx_HAL_Driver/Src/stm32l1xx_hal_flash_ex.o
LOAD ./Drivers/STM32L1xx_HAL_Driver/Src/stm32l1xx_hal_flash_ramfunc.o
LOAD ./Drivers/STM32L1xx_HAL_Driver/Src/stm32l1xx_hal_gpio.o
LOAD ./Drivers/STM32L1xx_HAL_Driver/Src/stm32l1xx_hal_i2c.o
LOAD ./Drivers/STM32L1xx_HAL_Driver/Src/stm32l1xx_hal_pwr.o
LOAD ./Drivers/STM32L1xx_HAL_Driver/Src/stm32l1xx_hal_pwr_ex.o
LOAD ./Drivers/STM32L1xx_HAL_Driver/Src/stm32l1xx_hal_rcc.o
LOAD ./Drivers/STM32L1xx_HAL_Driver/Src/stm32l1xx_hal_rcc_ex.o
LOAD ./Drivers/STM32L1xx_HAL_Driver/Src/stm32l1xx_hal_spi.o
LOAD ./Drivers/STM32L1xx_HAL_Driver/Src/stm32l1xx_hal_tim.o
LOAD ./Drivers/STM32L1xx_HAL_Driver/Src/stm32l1xx_hal_tim_ex.o
LOAD ./Drivers/STM32L1xx_HAL_Driver/Src/stm32l1xx_hal_uart.o
START GROUP
LOAD C:/ST/STM32CubeIDE_1.17.0/STM32CubeIDE/plugins/com.st.stm32cube.ide.mcu.externaltools.gnu-tools-for-stm32.12.3.rel1.win32_1.1.0.202410251130/tools/bin/../lib/gcc/arm-none-eabi/12.3.1/../../../../arm-none-eabi/lib/thumb/v7-m/nofp\libc_nano.a
LOAD C:/ST/STM32CubeIDE_1.17.0/STM32CubeIDE/plugins/com.st.stm32cube.ide.mcu.externaltools.gnu-tools-for-stm32.12.3.rel1.win32_1.1.0.202410251130/tools/bin/../lib/gcc/arm-none-eabi/12.3.1/../../../../arm-none-eabi/lib/thumb/v7-m/nofp\libm.a
END GROUP
START GROUP
LOAD C:/ST/STM32CubeIDE_1.17.0/STM32CubeIDE/plugins/com.st.stm32cube.ide.mcu.externaltools.gnu-tools-for-stm32.12.3.rel1.win32_1.1.0.202410251130/tools/bin/../lib/gcc/arm-none-eabi/12.3.1/thumb/v7-m/nofp\libgcc.a
LOAD C:/ST/STM32CubeIDE_1.17.0/STM32CubeIDE/plugins/com.st.stm32cube.ide.mcu.externaltools.gnu-tools-for-stm32.12.3.rel1.win32_1.1.0.202410251130/tools/bin/../lib/gcc/arm-none-eabi/12.3.1/../../../../arm-none-eabi/lib/thumb/v7-m/nofp\libc_nano.a
END GROUP
START GROUP
LOAD C:/ST/STM32CubeIDE_1.17.0/STM32CubeIDE/plugins/com.st.stm32cube.ide.mcu.externaltools.gnu-tools-for-stm32.12.3.rel1.win32_1.1.0.202410251130/tools/bin/../lib/gcc/arm-none-eabi/12.3.1/thumb/v7-m/nofp\libgcc.a
LOAD C:/ST/STM32CubeIDE_1.17.0/STM32CubeIDE/plugins/com.st.stm32cube.ide.mcu.externaltools.gnu-tools-for-stm32.12.3.rel1.win32_1.1.0.202410251130/tools/bin/../lib/gcc/arm-none-eabi/12.3.1/../../../../arm-none-eabi/lib/thumb/v7-m/nofp\libc_nano.a
LOAD C:/ST/STM32CubeIDE_1.17.0/STM32CubeIDE/plugins/com.st.stm32cube.ide.mcu.externaltools.gnu-tools-for-stm32.12.3.rel1.win32_1.1.0.202410251130/tools/bin/../lib/gcc/arm-none-eabi/12.3.1/../../../../arm-none-eabi/lib/thumb/v7-m/nofp\libnosys.a
END GROUP
START GROUP
LOAD C:/ST/STM32CubeIDE_1.17.0/STM32CubeIDE/plugins/com.st.stm32cube.ide.mcu.externaltools.gnu-tools-for-stm32.12.3.rel1.win32_1.1.0.202410251130/tools/bin/../lib/gcc/arm-none-eabi/12.3.1/thumb/v7-m/nofp\libgcc.a
LOAD C:/ST/STM32CubeIDE_1.17.0/STM32CubeIDE/plugins/com.st.stm32cube.ide.mcu.externaltools.gnu-tools-for-stm32.12.3.rel1.win32_1.1.0.202410251130/tools/bin/../lib/gcc/arm-none-eabi/12.3.1/../../../../arm-none-eabi/lib/thumb/v7-m/nofp\libc_nano.a
LOAD C:/ST/STM32CubeIDE_1.17.0/STM32CubeIDE/plugins/com.st.stm32cube.ide.mcu.externaltools.gnu-tools-for-stm32.12.3.rel1.win32_1.1.0.202410251130/tools/bin/../lib/gcc/arm-none-eabi/12.3.1/../../../../arm-none-eabi/lib/thumb/v7-m/nofp\libnosys.a
END GROUP
LOAD C:/ST/STM32CubeIDE_1.17.0/STM32CubeIDE/plugins/com.st.stm32cube.ide.mcu.externaltools.gnu-tools-for-stm32.12.3.rel1.win32_1.1.0.202410251130/tools/bin/../lib/gcc/arm-none-eabi/12.3.1/thumb/v7-m/nofp/crtend.o
LOAD C:/ST/STM32CubeIDE_1.17.0/STM32CubeIDE/plugins/com.st.stm32cube.ide.mcu.externaltools.gnu-tools-for-stm32.12.3.rel1.win32_1.1.0.202410251130/tools/bin/../lib/gcc/arm-none-eabi/12.3.1/thumb/v7-m/nofp/crtn.o
                0x20014000                        _estack = (ORIGIN (RAM) + LENGTH (RAM))
                0x00000200                        _Min_Heap_Size = 0x200
                0x00000400                        _Min_Stack_Size = 0x400

.isr_vector     0x08000000      0x13c
                0x08000000                        . = ALIGN (0x4)
 *(.isr_vector)
 .isr_vector    0x08000000      0x13c ./Core/Startup/startup_stm32l151vetx.o
                0x08000000                g_pfnVectors
                0x0800013c                        . = ALIGN (0x4)

.text           0x0800013c     0x3150
                0x0800013c                        . = ALIGN (0x4)
 *(.text)
 .text          0x0800013c       0x40 C:/ST/STM32CubeIDE_1.17.0/STM32CubeIDE/plugins/com.st.stm32cube.ide.mcu.externaltools.gnu-tools-for-stm32.12.3.rel1.win32_1.1.0.202410251130/tools/bin/../lib/gcc/arm-none-eabi/12.3.1/thumb/v7-m/nofp/crtbegin.o
 .text          0x0800017c       0x10 C:/ST/STM32CubeIDE_1.17.0/STM32CubeIDE/plugins/com.st.stm32cube.ide.mcu.externaltools.gnu-tools-for-stm32.12.3.rel1.win32_1.1.0.202410251130/tools/bin/../lib/gcc/arm-none-eabi/12.3.1/../../../../arm-none-eabi/lib/thumb/v7-m/nofp\libc_nano.a(libc_a-strlen.o)
                0x0800017c                strlen
 .text          0x0800018c       0x30 C:/ST/STM32CubeIDE_1.17.0/STM32CubeIDE/plugins/com.st.stm32cube.ide.mcu.externaltools.gnu-tools-for-stm32.12.3.rel1.win32_1.1.0.202410251130/tools/bin/../lib/gcc/arm-none-eabi/12.3.1/thumb/v7-m/nofp\libgcc.a(_aeabi_uldivmod.o)
                0x0800018c                __aeabi_uldivmod
 .text          0x080001bc      0x2b8 C:/ST/STM32CubeIDE_1.17.0/STM32CubeIDE/plugins/com.st.stm32cube.ide.mcu.externaltools.gnu-tools-for-stm32.12.3.rel1.win32_1.1.0.202410251130/tools/bin/../lib/gcc/arm-none-eabi/12.3.1/thumb/v7-m/nofp\libgcc.a(_udivmoddi4.o)
                0x080001bc                __udivmoddi4
 .text          0x08000474        0x4 C:/ST/STM32CubeIDE_1.17.0/STM32CubeIDE/plugins/com.st.stm32cube.ide.mcu.externaltools.gnu-tools-for-stm32.12.3.rel1.win32_1.1.0.202410251130/tools/bin/../lib/gcc/arm-none-eabi/12.3.1/thumb/v7-m/nofp\libgcc.a(_dvmd_tls.o)
                0x08000474                __aeabi_idiv0
                0x08000474                __aeabi_ldiv0
 *(.text*)
 .text.MX_ADC_Init
                0x08000478       0x64 ./Core/Src/adc.o
                0x08000478                MX_ADC_Init
 .text.HAL_ADC_MspInit
                0x080004dc       0x88 ./Core/Src/adc.o
                0x080004dc                HAL_ADC_MspInit
 .text.MX_GPIO_Init
                0x08000564       0x78 ./Core/Src/gpio.o
                0x08000564                MX_GPIO_Init
 .text.MX_I2C1_Init
                0x080005dc       0x3c ./Core/Src/i2c.o
                0x080005dc                MX_I2C1_Init
 .text.MX_I2C2_Init
                0x08000618       0x3c ./Core/Src/i2c.o
                0x08000618                MX_I2C2_Init
 .text.HAL_I2C_MspInit
                0x08000654       0xb8 ./Core/Src/i2c.o
                0x08000654                HAL_I2C_MspInit
 .text.KBD_Init
                0x0800070c       0x80 ./Core/Src/kbd.o
                0x0800070c                KBD_Init
 .text.KBD_Get  0x0800078c       0x3c ./Core/Src/kbd.o
                0x0800078c                KBD_Get
 .text.KBD_ButtonStatus
                0x080007c8       0x74 ./Core/Src/kbd.o
                0x080007c8                KBD_ButtonStatus
 .text.LCD_Initialization
                0x0800083c        0x2 ./Core/Src/lcd.o
                0x0800083c                LCD_Initialization
 *fill*         0x0800083e        0x2 
 .text.get_label_name
                0x08000840       0x30 ./Core/Src/lcd.o
                0x08000840                get_label_name
 .text.set_text
                0x08000870       0x74 ./Core/Src/lcd.o
                0x08000870                set_text
 .text.set_visible
                0x080008e4       0x44 ./Core/Src/lcd.o
                0x080008e4                set_visible
 .text.LCD_DisplayIcon
                0x08000928       0x24 ./Core/Src/lcd.o
                0x08000928                LCD_DisplayIcon
 .text.get_window_name_from_index
                0x0800094c       0x24 ./Core/Src/lcd.o
                0x0800094c                get_window_name_from_index
 .text.open_win
                0x08000970       0x6c ./Core/Src/lcd.o
                0x08000970                open_win
 .text.set_image
                0x080009dc       0x34 ./Core/Src/lcd.o
                0x080009dc                set_image
 .text.LCD_DisplayImage
                0x08000a10       0x20 ./Core/Src/lcd.o
                0x08000a10                LCD_DisplayImage
 .text.LCD_DisplayNewPatientSelection
                0x08000a30        0x6 ./Core/Src/lcd.o
                0x08000a30                LCD_DisplayNewPatientSelection
 .text.LCD_DisplayNewPatientSelectionMenu
                0x08000a36       0x32 ./Core/Src/lcd.o
                0x08000a36                LCD_DisplayNewPatientSelectionMenu
 .text.LCD_DisplayConfirmNewPatient
                0x08000a68        0x6 ./Core/Src/lcd.o
                0x08000a68                LCD_DisplayConfirmNewPatient
 .text.LCD_DisplayFlashErasingScreen
                0x08000a6e        0x6 ./Core/Src/lcd.o
                0x08000a6e                LCD_DisplayFlashErasingScreen
 .text.LCD_DisplayClampTubesMain
                0x08000a74        0x6 ./Core/Src/lcd.o
                0x08000a74                LCD_DisplayClampTubesMain
 .text.LCD_DisplayClampTubesPause
                0x08000a7a        0x6 ./Core/Src/lcd.o
                0x08000a7a                LCD_DisplayClampTubesPause
 .text.LCD_DisplayUnclampTubes
                0x08000a80       0x70 ./Core/Src/lcd.o
                0x08000a80                LCD_DisplayUnclampTubes
 .text.LCD_ConfirmParameterAndBeginSuctionScreen
                0x08000af0        0x6 ./Core/Src/lcd.o
                0x08000af0                LCD_ConfirmParameterAndBeginSuctionScreen
 .text.LCD_DisplayNewMainSettingsPage1
                0x08000af6        0x6 ./Core/Src/lcd.o
                0x08000af6                LCD_DisplayNewMainSettingsPage1
 .text.LCD_DisplayPharyngealPortSuction
                0x08000afc        0x6 ./Core/Src/lcd.o
                0x08000afc                LCD_DisplayPharyngealPortSuction
 .text.LCD_DisplayBeginSuction
                0x08000b02        0x6 ./Core/Src/lcd.o
                0x08000b02                LCD_DisplayBeginSuction
 .text.LCD_DisplayPauseScreen
                0x08000b08        0x6 ./Core/Src/lcd.o
                0x08000b08                LCD_DisplayPauseScreen
 *fill*         0x08000b0e        0x2 
 .text.SystemClock_Config
                0x08000b10       0x7c ./Core/Src/main.o
                0x08000b10                SystemClock_Config
 .text.startup.main
                0x08000b8c      0x234 ./Core/Src/main.o
                0x08000b8c                main
 .text.Error_Handler
                0x08000dc0        0x4 ./Core/Src/main.o
                0x08000dc0                Error_Handler
 .text.MX_SPI1_Init
                0x08000dc4       0x44 ./Core/Src/spi.o
                0x08000dc4                MX_SPI1_Init
 .text.HAL_SPI_MspInit
                0x08000e08       0x68 ./Core/Src/spi.o
                0x08000e08                HAL_SPI_MspInit
 .text.HAL_MspInit
                0x08000e70       0x44 ./Core/Src/stm32l1xx_hal_msp.o
                0x08000e70                HAL_MspInit
 .text.NMI_Handler
                0x08000eb4        0x2 ./Core/Src/stm32l1xx_it.o
                0x08000eb4                NMI_Handler
 .text.HardFault_Handler
                0x08000eb6        0x2 ./Core/Src/stm32l1xx_it.o
                0x08000eb6                HardFault_Handler
 .text.MemManage_Handler
                0x08000eb8        0x2 ./Core/Src/stm32l1xx_it.o
                0x08000eb8                MemManage_Handler
 .text.BusFault_Handler
                0x08000eba        0x2 ./Core/Src/stm32l1xx_it.o
                0x08000eba                BusFault_Handler
 .text.UsageFault_Handler
                0x08000ebc        0x2 ./Core/Src/stm32l1xx_it.o
                0x08000ebc                UsageFault_Handler
 .text.SVC_Handler
                0x08000ebe        0x2 ./Core/Src/stm32l1xx_it.o
                0x08000ebe                SVC_Handler
 .text.DebugMon_Handler
                0x08000ec0        0x2 ./Core/Src/stm32l1xx_it.o
                0x08000ec0                DebugMon_Handler
 .text.PendSV_Handler
                0x08000ec2        0x2 ./Core/Src/stm32l1xx_it.o
                0x08000ec2                PendSV_Handler
 .text.SysTick_Handler
                0x08000ec4        0x4 ./Core/Src/stm32l1xx_it.o
                0x08000ec4                SysTick_Handler
 .text._sbrk    0x08000ec8       0x40 ./Core/Src/sysmem.o
                0x08000ec8                _sbrk
 .text.SystemInit
                0x08000f08        0x2 ./Core/Src/system_stm32l1xx.o
                0x08000f08                SystemInit
 *fill*         0x08000f0a        0x2 
 .text.MX_TIM3_Init
                0x08000f0c       0x68 ./Core/Src/tim.o
                0x08000f0c                MX_TIM3_Init
 .text.MX_TIM4_Init
                0x08000f74       0x68 ./Core/Src/tim.o
                0x08000f74                MX_TIM4_Init
 .text.HAL_TIM_Base_MspInit
                0x08000fdc       0x6c ./Core/Src/tim.o
                0x08000fdc                HAL_TIM_Base_MspInit
 .text.HAL_TIM_MspPostInit
                0x08001048       0x50 ./Core/Src/tim.o
                0x08001048                HAL_TIM_MspPostInit
 .text.MX_TIM11_Init
                0x08001098       0x88 ./Core/Src/tim.o
                0x08001098                MX_TIM11_Init
 .text.MX_UART5_Init
                0x08001120       0x38 ./Core/Src/usart.o
                0x08001120                MX_UART5_Init
 .text.MX_USART1_UART_Init
                0x08001158       0x38 ./Core/Src/usart.o
                0x08001158                MX_USART1_UART_Init
 .text.MX_USART2_UART_Init
                0x08001190       0x38 ./Core/Src/usart.o
                0x08001190                MX_USART2_UART_Init
 .text.MX_USART3_UART_Init
                0x080011c8       0x38 ./Core/Src/usart.o
                0x080011c8                MX_USART3_UART_Init
 .text.HAL_UART_MspInit
                0x08001200      0x15c ./Core/Src/usart.o
                0x08001200                HAL_UART_MspInit
 .text.USART_SendCommand
                0x0800135c       0x20 ./Core/Src/usart.o
                0x0800135c                USART_SendCommand
 .text.Reset_Handler
                0x0800137c       0x48 ./Core/Startup/startup_stm32l151vetx.o
                0x0800137c                Reset_Handler
 .text.Default_Handler
                0x080013c4        0x2 ./Core/Startup/startup_stm32l151vetx.o
                0x080013c4                RTC_Alarm_IRQHandler
                0x080013c4                EXTI2_IRQHandler
                0x080013c4                COMP_ACQ_IRQHandler
                0x080013c4                TIM10_IRQHandler
                0x080013c4                USB_HP_IRQHandler
                0x080013c4                TIM6_IRQHandler
                0x080013c4                PVD_IRQHandler
                0x080013c4                EXTI3_IRQHandler
                0x080013c4                EXTI0_IRQHandler
                0x080013c4                I2C2_EV_IRQHandler
                0x080013c4                SPI1_IRQHandler
                0x080013c4                USB_FS_WKUP_IRQHandler
                0x080013c4                DMA2_Channel2_IRQHandler
                0x080013c4                DMA1_Channel4_IRQHandler
                0x080013c4                ADC1_IRQHandler
                0x080013c4                USART3_IRQHandler
                0x080013c4                DMA1_Channel7_IRQHandler
                0x080013c4                UART5_IRQHandler
                0x080013c4                TIM4_IRQHandler
                0x080013c4                DMA2_Channel1_IRQHandler
                0x080013c4                I2C1_EV_IRQHandler
                0x080013c4                DMA1_Channel6_IRQHandler
                0x080013c4                UART4_IRQHandler
                0x080013c4                DMA2_Channel4_IRQHandler
                0x080013c4                TIM3_IRQHandler
                0x080013c4                RCC_IRQHandler
                0x080013c4                DMA1_Channel1_IRQHandler
                0x080013c4                Default_Handler
                0x080013c4                EXTI15_10_IRQHandler
                0x080013c4                TIM7_IRQHandler
                0x080013c4                TIM5_IRQHandler
                0x080013c4                EXTI9_5_IRQHandler
                0x080013c4                TIM9_IRQHandler
                0x080013c4                TAMPER_STAMP_IRQHandler
                0x080013c4                RTC_WKUP_IRQHandler
                0x080013c4                SPI2_IRQHandler
                0x080013c4                DMA2_Channel5_IRQHandler
                0x080013c4                DMA1_Channel5_IRQHandler
                0x080013c4                USB_LP_IRQHandler
                0x080013c4                EXTI4_IRQHandler
                0x080013c4                DMA1_Channel3_IRQHandler
                0x080013c4                COMP_IRQHandler
                0x080013c4                WWDG_IRQHandler
                0x080013c4                TIM2_IRQHandler
                0x080013c4                DAC_IRQHandler
                0x080013c4                EXTI1_IRQHandler
                0x080013c4                TIM11_IRQHandler
                0x080013c4                USART2_IRQHandler
                0x080013c4                I2C2_ER_IRQHandler
                0x080013c4                DMA1_Channel2_IRQHandler
                0x080013c4                FLASH_IRQHandler
                0x080013c4                USART1_IRQHandler
                0x080013c4                SPI3_IRQHandler
                0x080013c4                I2C1_ER_IRQHandler
                0x080013c4                DMA2_Channel3_IRQHandler
 *fill*         0x080013c6        0x2 
 .text.HAL_InitTick
                0x080013c8       0x4c ./Drivers/STM32L1xx_HAL_Driver/Src/stm32l1xx_hal.o
                0x080013c8                HAL_InitTick
 .text.HAL_Init
                0x08001414       0x1e ./Drivers/STM32L1xx_HAL_Driver/Src/stm32l1xx_hal.o
                0x08001414                HAL_Init
 *fill*         0x08001432        0x2 
 .text.HAL_IncTick
                0x08001434       0x18 ./Drivers/STM32L1xx_HAL_Driver/Src/stm32l1xx_hal.o
                0x08001434                HAL_IncTick
 .text.HAL_GetTick
                0x0800144c        0xc ./Drivers/STM32L1xx_HAL_Driver/Src/stm32l1xx_hal.o
                0x0800144c                HAL_GetTick
 .text.HAL_Delay
                0x08001458       0x24 ./Drivers/STM32L1xx_HAL_Driver/Src/stm32l1xx_hal.o
                0x08001458                HAL_Delay
 .text.HAL_ADC_Init
                0x0800147c      0x18c ./Drivers/STM32L1xx_HAL_Driver/Src/stm32l1xx_hal_adc.o
                0x0800147c                HAL_ADC_Init
 .text.HAL_ADC_ConfigChannel
                0x08001608      0x154 ./Drivers/STM32L1xx_HAL_Driver/Src/stm32l1xx_hal_adc.o
                0x08001608                HAL_ADC_ConfigChannel
 .text.HAL_NVIC_SetPriorityGrouping
                0x0800175c       0x24 ./Drivers/STM32L1xx_HAL_Driver/Src/stm32l1xx_hal_cortex.o
                0x0800175c                HAL_NVIC_SetPriorityGrouping
 .text.HAL_NVIC_SetPriority
                0x08001780       0x60 ./Drivers/STM32L1xx_HAL_Driver/Src/stm32l1xx_hal_cortex.o
                0x08001780                HAL_NVIC_SetPriority
 .text.HAL_SYSTICK_Config
                0x080017e0       0x28 ./Drivers/STM32L1xx_HAL_Driver/Src/stm32l1xx_hal_cortex.o
                0x080017e0                HAL_SYSTICK_Config
 .text.HAL_GPIO_Init
                0x08001808      0x1a4 ./Drivers/STM32L1xx_HAL_Driver/Src/stm32l1xx_hal_gpio.o
                0x08001808                HAL_GPIO_Init
 .text.HAL_GPIO_ReadPin
                0x080019ac        0xc ./Drivers/STM32L1xx_HAL_Driver/Src/stm32l1xx_hal_gpio.o
                0x080019ac                HAL_GPIO_ReadPin
 .text.HAL_GPIO_WritePin
                0x080019b8        0xa ./Drivers/STM32L1xx_HAL_Driver/Src/stm32l1xx_hal_gpio.o
                0x080019b8                HAL_GPIO_WritePin
 *fill*         0x080019c2        0x2 
 .text.HAL_I2C_Init
                0x080019c4      0x150 ./Drivers/STM32L1xx_HAL_Driver/Src/stm32l1xx_hal_i2c.o
                0x080019c4                HAL_I2C_Init
 .text.RCC_SetFlashLatencyFromMSIRange
                0x08001b14       0x80 ./Drivers/STM32L1xx_HAL_Driver/Src/stm32l1xx_hal_rcc.o
 .text.HAL_RCC_OscConfig
                0x08001b94      0x438 ./Drivers/STM32L1xx_HAL_Driver/Src/stm32l1xx_hal_rcc.o
                0x08001b94                HAL_RCC_OscConfig
 .text.HAL_RCC_GetSysClockFreq
                0x08001fcc       0x54 ./Drivers/STM32L1xx_HAL_Driver/Src/stm32l1xx_hal_rcc.o
                0x08001fcc                HAL_RCC_GetSysClockFreq
 .text.HAL_RCC_ClockConfig
                0x08002020      0x184 ./Drivers/STM32L1xx_HAL_Driver/Src/stm32l1xx_hal_rcc.o
                0x08002020                HAL_RCC_ClockConfig
 .text.HAL_RCC_GetPCLK1Freq
                0x080021a4       0x20 ./Drivers/STM32L1xx_HAL_Driver/Src/stm32l1xx_hal_rcc.o
                0x080021a4                HAL_RCC_GetPCLK1Freq
 .text.HAL_RCC_GetPCLK2Freq
                0x080021c4       0x20 ./Drivers/STM32L1xx_HAL_Driver/Src/stm32l1xx_hal_rcc.o
                0x080021c4                HAL_RCC_GetPCLK2Freq
 .text.HAL_SPI_Init
                0x080021e4       0xb8 ./Drivers/STM32L1xx_HAL_Driver/Src/stm32l1xx_hal_spi.o
                0x080021e4                HAL_SPI_Init
 .text.TIM_Base_SetConfig
                0x0800229c       0x8c ./Drivers/STM32L1xx_HAL_Driver/Src/stm32l1xx_hal_tim.o
 .text.TIM_OC1_SetConfig
                0x08002328       0x2c ./Drivers/STM32L1xx_HAL_Driver/Src/stm32l1xx_hal_tim.o
 .text.TIM_OC2_SetConfig
                0x08002354       0x30 ./Drivers/STM32L1xx_HAL_Driver/Src/stm32l1xx_hal_tim.o
 .text.HAL_TIM_Base_Init
                0x08002384       0x48 ./Drivers/STM32L1xx_HAL_Driver/Src/stm32l1xx_hal_tim.o
                0x08002384                HAL_TIM_Base_Init
 .text.HAL_TIM_PWM_MspInit
                0x080023cc        0x2 ./Drivers/STM32L1xx_HAL_Driver/Src/stm32l1xx_hal_tim.o
                0x080023cc                HAL_TIM_PWM_MspInit
 .text.HAL_TIM_PWM_Init
                0x080023ce       0x48 ./Drivers/STM32L1xx_HAL_Driver/Src/stm32l1xx_hal_tim.o
                0x080023ce                HAL_TIM_PWM_Init
 .text.HAL_TIM_PWM_ConfigChannel
                0x08002416      0x100 ./Drivers/STM32L1xx_HAL_Driver/Src/stm32l1xx_hal_tim.o
                0x08002416                HAL_TIM_PWM_ConfigChannel
 .text.HAL_TIM_ConfigClockSource
                0x08002516      0x14a ./Drivers/STM32L1xx_HAL_Driver/Src/stm32l1xx_hal_tim.o
                0x08002516                HAL_TIM_ConfigClockSource
 .text.HAL_TIMEx_MasterConfigSynchronization
                0x08002660       0x5c ./Drivers/STM32L1xx_HAL_Driver/Src/stm32l1xx_hal_tim_ex.o
                0x08002660                HAL_TIMEx_MasterConfigSynchronization
 .text.UART_SetConfig
                0x080026bc       0xa8 ./Drivers/STM32L1xx_HAL_Driver/Src/stm32l1xx_hal_uart.o
 .text.UART_WaitOnFlagUntilTimeout.constprop.0
                0x08002764       0x6c ./Drivers/STM32L1xx_HAL_Driver/Src/stm32l1xx_hal_uart.o
 .text.HAL_UART_Init
                0x080027d0       0x5e ./Drivers/STM32L1xx_HAL_Driver/Src/stm32l1xx_hal_uart.o
                0x080027d0                HAL_UART_Init
 .text.HAL_UART_Transmit
                0x0800282e       0x96 ./Drivers/STM32L1xx_HAL_Driver/Src/stm32l1xx_hal_uart.o
                0x0800282e                HAL_UART_Transmit
 .text.snprintf
                0x080028c4       0x68 C:/ST/STM32CubeIDE_1.17.0/STM32CubeIDE/plugins/com.st.stm32cube.ide.mcu.externaltools.gnu-tools-for-stm32.12.3.rel1.win32_1.1.0.202410251130/tools/bin/../lib/gcc/arm-none-eabi/12.3.1/../../../../arm-none-eabi/lib/thumb/v7-m/nofp\libc_nano.a(libc_a-snprintf.o)
                0x080028c4                sniprintf
                0x080028c4                snprintf
 .text.memset   0x0800292c       0x10 C:/ST/STM32CubeIDE_1.17.0/STM32CubeIDE/plugins/com.st.stm32cube.ide.mcu.externaltools.gnu-tools-for-stm32.12.3.rel1.win32_1.1.0.202410251130/tools/bin/../lib/gcc/arm-none-eabi/12.3.1/../../../../arm-none-eabi/lib/thumb/v7-m/nofp\libc_nano.a(libc_a-memset.o)
                0x0800292c                memset
 .text.strncat  0x0800293c       0x26 C:/ST/STM32CubeIDE_1.17.0/STM32CubeIDE/plugins/com.st.stm32cube.ide.mcu.externaltools.gnu-tools-for-stm32.12.3.rel1.win32_1.1.0.202410251130/tools/bin/../lib/gcc/arm-none-eabi/12.3.1/../../../../arm-none-eabi/lib/thumb/v7-m/nofp\libc_nano.a(libc_a-strncat.o)
                0x0800293c                strncat
 *fill*         0x08002962        0x2 
 .text.__errno  0x08002964        0xc C:/ST/STM32CubeIDE_1.17.0/STM32CubeIDE/plugins/com.st.stm32cube.ide.mcu.externaltools.gnu-tools-for-stm32.12.3.rel1.win32_1.1.0.202410251130/tools/bin/../lib/gcc/arm-none-eabi/12.3.1/../../../../arm-none-eabi/lib/thumb/v7-m/nofp\libc_nano.a(libc_a-errno.o)
                0x08002964                __errno
 .text.__libc_init_array
                0x08002970       0x48 C:/ST/STM32CubeIDE_1.17.0/STM32CubeIDE/plugins/com.st.stm32cube.ide.mcu.externaltools.gnu-tools-for-stm32.12.3.rel1.win32_1.1.0.202410251130/tools/bin/../lib/gcc/arm-none-eabi/12.3.1/../../../../arm-none-eabi/lib/thumb/v7-m/nofp\libc_nano.a(libc_a-init.o)
                0x08002970                __libc_init_array
 .text.__retarget_lock_acquire_recursive
                0x080029b8        0x2 C:/ST/STM32CubeIDE_1.17.0/STM32CubeIDE/plugins/com.st.stm32cube.ide.mcu.externaltools.gnu-tools-for-stm32.12.3.rel1.win32_1.1.0.202410251130/tools/bin/../lib/gcc/arm-none-eabi/12.3.1/../../../../arm-none-eabi/lib/thumb/v7-m/nofp\libc_nano.a(libc_a-lock.o)
                0x080029b8                __retarget_lock_acquire_recursive
 .text.__retarget_lock_release_recursive
                0x080029ba        0x2 C:/ST/STM32CubeIDE_1.17.0/STM32CubeIDE/plugins/com.st.stm32cube.ide.mcu.externaltools.gnu-tools-for-stm32.12.3.rel1.win32_1.1.0.202410251130/tools/bin/../lib/gcc/arm-none-eabi/12.3.1/../../../../arm-none-eabi/lib/thumb/v7-m/nofp\libc_nano.a(libc_a-lock.o)
                0x080029ba                __retarget_lock_release_recursive
 .text._free_r  0x080029bc       0x90 C:/ST/STM32CubeIDE_1.17.0/STM32CubeIDE/plugins/com.st.stm32cube.ide.mcu.externaltools.gnu-tools-for-stm32.12.3.rel1.win32_1.1.0.202410251130/tools/bin/../lib/gcc/arm-none-eabi/12.3.1/../../../../arm-none-eabi/lib/thumb/v7-m/nofp\libc_nano.a(libc_a-freer.o)
                0x080029bc                _free_r
 .text.sbrk_aligned
                0x08002a4c       0x44 C:/ST/STM32CubeIDE_1.17.0/STM32CubeIDE/plugins/com.st.stm32cube.ide.mcu.externaltools.gnu-tools-for-stm32.12.3.rel1.win32_1.1.0.202410251130/tools/bin/../lib/gcc/arm-none-eabi/12.3.1/../../../../arm-none-eabi/lib/thumb/v7-m/nofp\libc_nano.a(libc_a-mallocr.o)
 .text._malloc_r
                0x08002a90      0x100 C:/ST/STM32CubeIDE_1.17.0/STM32CubeIDE/plugins/com.st.stm32cube.ide.mcu.externaltools.gnu-tools-for-stm32.12.3.rel1.win32_1.1.0.202410251130/tools/bin/../lib/gcc/arm-none-eabi/12.3.1/../../../../arm-none-eabi/lib/thumb/v7-m/nofp\libc_nano.a(libc_a-mallocr.o)
                0x08002a90                _malloc_r
 .text.__malloc_lock
                0x08002b90        0xc C:/ST/STM32CubeIDE_1.17.0/STM32CubeIDE/plugins/com.st.stm32cube.ide.mcu.externaltools.gnu-tools-for-stm32.12.3.rel1.win32_1.1.0.202410251130/tools/bin/../lib/gcc/arm-none-eabi/12.3.1/../../../../arm-none-eabi/lib/thumb/v7-m/nofp\libc_nano.a(libc_a-mlock.o)
                0x08002b90                __malloc_lock
 .text.__malloc_unlock
                0x08002b9c        0xc C:/ST/STM32CubeIDE_1.17.0/STM32CubeIDE/plugins/com.st.stm32cube.ide.mcu.externaltools.gnu-tools-for-stm32.12.3.rel1.win32_1.1.0.202410251130/tools/bin/../lib/gcc/arm-none-eabi/12.3.1/../../../../arm-none-eabi/lib/thumb/v7-m/nofp\libc_nano.a(libc_a-mlock.o)
                0x08002b9c                __malloc_unlock
 .text.__ssputs_r
                0x08002ba8       0xb6 C:/ST/STM32CubeIDE_1.17.0/STM32CubeIDE/plugins/com.st.stm32cube.ide.mcu.externaltools.gnu-tools-for-stm32.12.3.rel1.win32_1.1.0.202410251130/tools/bin/../lib/gcc/arm-none-eabi/12.3.1/../../../../arm-none-eabi/lib/thumb/v7-m/nofp\libc_nano.a(libc_a-nano-svfprintf.o)
                0x08002ba8                __ssputs_r
 *fill*         0x08002c5e        0x2 
 .text._svfprintf_r
                0x08002c60      0x1f8 C:/ST/STM32CubeIDE_1.17.0/STM32CubeIDE/plugins/com.st.stm32cube.ide.mcu.externaltools.gnu-tools-for-stm32.12.3.rel1.win32_1.1.0.202410251130/tools/bin/../lib/gcc/arm-none-eabi/12.3.1/../../../../arm-none-eabi/lib/thumb/v7-m/nofp\libc_nano.a(libc_a-nano-svfprintf.o)
                0x08002c60                _svfiprintf_r
                0x08002c60                _svfprintf_r
 .text._printf_common
                0x08002e58       0xe4 C:/ST/STM32CubeIDE_1.17.0/STM32CubeIDE/plugins/com.st.stm32cube.ide.mcu.externaltools.gnu-tools-for-stm32.12.3.rel1.win32_1.1.0.202410251130/tools/bin/../lib/gcc/arm-none-eabi/12.3.1/../../../../arm-none-eabi/lib/thumb/v7-m/nofp\libc_nano.a(libc_a-nano-vfprintf_i.o)
                0x08002e58                _printf_common
 .text._printf_i
                0x08002f3c      0x240 C:/ST/STM32CubeIDE_1.17.0/STM32CubeIDE/plugins/com.st.stm32cube.ide.mcu.externaltools.gnu-tools-for-stm32.12.3.rel1.win32_1.1.0.202410251130/tools/bin/../lib/gcc/arm-none-eabi/12.3.1/../../../../arm-none-eabi/lib/thumb/v7-m/nofp\libc_nano.a(libc_a-nano-vfprintf_i.o)
                0x08002f3c                _printf_i
 .text.memmove  0x0800317c       0x34 C:/ST/STM32CubeIDE_1.17.0/STM32CubeIDE/plugins/com.st.stm32cube.ide.mcu.externaltools.gnu-tools-for-stm32.12.3.rel1.win32_1.1.0.202410251130/tools/bin/../lib/gcc/arm-none-eabi/12.3.1/../../../../arm-none-eabi/lib/thumb/v7-m/nofp\libc_nano.a(libc_a-memmove.o)
                0x0800317c                memmove
 .text._sbrk_r  0x080031b0       0x20 C:/ST/STM32CubeIDE_1.17.0/STM32CubeIDE/plugins/com.st.stm32cube.ide.mcu.externaltools.gnu-tools-for-stm32.12.3.rel1.win32_1.1.0.202410251130/tools/bin/../lib/gcc/arm-none-eabi/12.3.1/../../../../arm-none-eabi/lib/thumb/v7-m/nofp\libc_nano.a(libc_a-sbrkr.o)
                0x080031b0                _sbrk_r
 .text.memchr   0x080031d0       0x1c C:/ST/STM32CubeIDE_1.17.0/STM32CubeIDE/plugins/com.st.stm32cube.ide.mcu.externaltools.gnu-tools-for-stm32.12.3.rel1.win32_1.1.0.202410251130/tools/bin/../lib/gcc/arm-none-eabi/12.3.1/../../../../arm-none-eabi/lib/thumb/v7-m/nofp\libc_nano.a(libc_a-memchr-stub.o)
                0x080031d0                memchr
 .text.memcpy   0x080031ec       0x1c C:/ST/STM32CubeIDE_1.17.0/STM32CubeIDE/plugins/com.st.stm32cube.ide.mcu.externaltools.gnu-tools-for-stm32.12.3.rel1.win32_1.1.0.202410251130/tools/bin/../lib/gcc/arm-none-eabi/12.3.1/../../../../arm-none-eabi/lib/thumb/v7-m/nofp\libc_nano.a(libc_a-memcpy-stub.o)
                0x080031ec                memcpy
 .text._realloc_r
                0x08003208       0x5c C:/ST/STM32CubeIDE_1.17.0/STM32CubeIDE/plugins/com.st.stm32cube.ide.mcu.externaltools.gnu-tools-for-stm32.12.3.rel1.win32_1.1.0.202410251130/tools/bin/../lib/gcc/arm-none-eabi/12.3.1/../../../../arm-none-eabi/lib/thumb/v7-m/nofp\libc_nano.a(libc_a-reallocr.o)
                0x08003208                _realloc_r
 .text._malloc_usable_size_r
                0x08003264       0x10 C:/ST/STM32CubeIDE_1.17.0/STM32CubeIDE/plugins/com.st.stm32cube.ide.mcu.externaltools.gnu-tools-for-stm32.12.3.rel1.win32_1.1.0.202410251130/tools/bin/../lib/gcc/arm-none-eabi/12.3.1/../../../../arm-none-eabi/lib/thumb/v7-m/nofp\libc_nano.a(libc_a-msizer.o)
                0x08003264                _malloc_usable_size_r
 *(.glue_7)
 .glue_7        0x08003274        0x0 linker stubs
 *(.glue_7t)
 .glue_7t       0x08003274        0x0 linker stubs
 *(.eh_frame)
 .eh_frame      0x08003274        0x0 C:/ST/STM32CubeIDE_1.17.0/STM32CubeIDE/plugins/com.st.stm32cube.ide.mcu.externaltools.gnu-tools-for-stm32.12.3.rel1.win32_1.1.0.202410251130/tools/bin/../lib/gcc/arm-none-eabi/12.3.1/thumb/v7-m/nofp/crtbegin.o
 *(.init)
 .init          0x08003274        0x4 C:/ST/STM32CubeIDE_1.17.0/STM32CubeIDE/plugins/com.st.stm32cube.ide.mcu.externaltools.gnu-tools-for-stm32.12.3.rel1.win32_1.1.0.202410251130/tools/bin/../lib/gcc/arm-none-eabi/12.3.1/thumb/v7-m/nofp/crti.o
                0x08003274                _init
 .init          0x08003278        0x8 C:/ST/STM32CubeIDE_1.17.0/STM32CubeIDE/plugins/com.st.stm32cube.ide.mcu.externaltools.gnu-tools-for-stm32.12.3.rel1.win32_1.1.0.202410251130/tools/bin/../lib/gcc/arm-none-eabi/12.3.1/thumb/v7-m/nofp/crtn.o
 *(.fini)
 .fini          0x08003280        0x4 C:/ST/STM32CubeIDE_1.17.0/STM32CubeIDE/plugins/com.st.stm32cube.ide.mcu.externaltools.gnu-tools-for-stm32.12.3.rel1.win32_1.1.0.202410251130/tools/bin/../lib/gcc/arm-none-eabi/12.3.1/thumb/v7-m/nofp/crti.o
                0x08003280                _fini
 .fini          0x08003284        0x8 C:/ST/STM32CubeIDE_1.17.0/STM32CubeIDE/plugins/com.st.stm32cube.ide.mcu.externaltools.gnu-tools-for-stm32.12.3.rel1.win32_1.1.0.202410251130/tools/bin/../lib/gcc/arm-none-eabi/12.3.1/thumb/v7-m/nofp/crtn.o
                0x0800328c                        . = ALIGN (0x4)
                0x0800328c                        _etext = .

.vfp11_veneer   0x0800328c        0x0
 .vfp11_veneer  0x0800328c        0x0 linker stubs

.v4_bx          0x0800328c        0x0
 .v4_bx         0x0800328c        0x0 linker stubs

.iplt           0x0800328c        0x0
 .iplt          0x0800328c        0x0 C:/ST/STM32CubeIDE_1.17.0/STM32CubeIDE/plugins/com.st.stm32cube.ide.mcu.externaltools.gnu-tools-for-stm32.12.3.rel1.win32_1.1.0.202410251130/tools/bin/../lib/gcc/arm-none-eabi/12.3.1/thumb/v7-m/nofp/crtbegin.o

.rodata         0x0800328c      0xe14
                0x0800328c                        . = ALIGN (0x4)
 *(.rodata)
 .rodata        0x0800328c       0x28 ./Core/Src/lcd.o
 *(.rodata*)
 .rodata.set_text.str1.1
                0x080032b4       0x4e ./Core/Src/lcd.o
                                 0x54 (size before relaxing)
 .rodata.LCD_DisplayText.str1.1
                0x08003302        0x6 ./Core/Src/lcd.o
 .rodata.set_visible.str1.1
                0x08003308       0x57 ./Core/Src/lcd.o
 .rodata.LCD_DisplayIcon.str1.1
                0x0800335f       0x35 ./Core/Src/lcd.o
 .rodata.open_win.str1.1
                0x08003394       0x10 ./Core/Src/lcd.o
                                 0x1d (size before relaxing)
 .rodata.set_image.str1.1
                0x080033a4       0x49 ./Core/Src/lcd.o
 .rodata.LCD_DisplayImage.str1.1
                0x080033ed       0x35 ./Core/Src/lcd.o
 .rodata.LCD_DisplayUnclampTubes.str1.1
                0x08003422        0xf ./Core/Src/lcd.o
 .rodata.str1.1
                0x08003431      0x912 ./Core/Src/lcd.o
                                0x93e (size before relaxing)
 *fill*         0x08003d43        0x1 
 .rodata.index_mapping
                0x08003d44       0xf0 ./Core/Src/lcd.o
                0x08003d44                index_mapping
 .rodata.label_mapping
                0x08003e34      0x218 ./Core/Src/lcd.o
                0x08003e34                label_mapping
 .rodata.APBPrescTable
                0x0800404c        0x8 ./Core/Src/system_stm32l1xx.o
                0x0800404c                APBPrescTable
 .rodata.AHBPrescTable
                0x08004054       0x10 ./Core/Src/system_stm32l1xx.o
                0x08004054                AHBPrescTable
 .rodata.PLLMulTable
                0x08004064        0x9 ./Core/Src/system_stm32l1xx.o
                0x08004064                PLLMulTable
 .rodata._svfprintf_r.str1.1
                0x0800406d       0x11 C:/ST/STM32CubeIDE_1.17.0/STM32CubeIDE/plugins/com.st.stm32cube.ide.mcu.externaltools.gnu-tools-for-stm32.12.3.rel1.win32_1.1.0.202410251130/tools/bin/../lib/gcc/arm-none-eabi/12.3.1/../../../../arm-none-eabi/lib/thumb/v7-m/nofp\libc_nano.a(libc_a-nano-svfprintf.o)
 .rodata._printf_i.str1.1
                0x0800407e       0x22 C:/ST/STM32CubeIDE_1.17.0/STM32CubeIDE/plugins/com.st.stm32cube.ide.mcu.externaltools.gnu-tools-for-stm32.12.3.rel1.win32_1.1.0.202410251130/tools/bin/../lib/gcc/arm-none-eabi/12.3.1/../../../../arm-none-eabi/lib/thumb/v7-m/nofp\libc_nano.a(libc_a-nano-vfprintf_i.o)
                0x080040a0                        . = ALIGN (0x4)

.ARM.extab      0x080040a0        0x0
                0x080040a0                        . = ALIGN (0x4)
 *(.ARM.extab* .gnu.linkonce.armextab.*)
                0x080040a0                        . = ALIGN (0x4)

.ARM            0x080040a0        0x8
                0x080040a0                        . = ALIGN (0x4)
                0x080040a0                        __exidx_start = .
 *(.ARM.exidx*)
 .ARM.exidx     0x080040a0        0x8 C:/ST/STM32CubeIDE_1.17.0/STM32CubeIDE/plugins/com.st.stm32cube.ide.mcu.externaltools.gnu-tools-for-stm32.12.3.rel1.win32_1.1.0.202410251130/tools/bin/../lib/gcc/arm-none-eabi/12.3.1/../../../../arm-none-eabi/lib/thumb/v7-m/nofp\libc_nano.a(libc_a-strlen.o)
 .ARM.exidx     0x080040a8        0x0 C:/ST/STM32CubeIDE_1.17.0/STM32CubeIDE/plugins/com.st.stm32cube.ide.mcu.externaltools.gnu-tools-for-stm32.12.3.rel1.win32_1.1.0.202410251130/tools/bin/../lib/gcc/arm-none-eabi/12.3.1/thumb/v7-m/nofp\libgcc.a(_udivmoddi4.o)
                                  0x8 (size before relaxing)
                0x080040a8                        __exidx_end = .
                0x080040a8                        . = ALIGN (0x4)

.preinit_array  0x080040a8        0x0
                0x080040a8                        . = ALIGN (0x4)
                0x080040a8                        PROVIDE (__preinit_array_start = .)
 *(.preinit_array*)
                0x080040a8                        PROVIDE (__preinit_array_end = .)
                0x080040a8                        . = ALIGN (0x4)

.init_array     0x080040a8        0x4
                0x080040a8                        . = ALIGN (0x4)
                0x080040a8                        PROVIDE (__init_array_start = .)
 *(SORT_BY_NAME(.init_array.*))
 *(.init_array*)
 .init_array    0x080040a8        0x4 C:/ST/STM32CubeIDE_1.17.0/STM32CubeIDE/plugins/com.st.stm32cube.ide.mcu.externaltools.gnu-tools-for-stm32.12.3.rel1.win32_1.1.0.202410251130/tools/bin/../lib/gcc/arm-none-eabi/12.3.1/thumb/v7-m/nofp/crtbegin.o
                0x080040ac                        PROVIDE (__init_array_end = .)
                0x080040ac                        . = ALIGN (0x4)

.fini_array     0x080040ac        0x4
                0x080040ac                        . = ALIGN (0x4)
                [!provide]                        PROVIDE (__fini_array_start = .)
 *(SORT_BY_NAME(.fini_array.*))
 *(.fini_array*)
 .fini_array    0x080040ac        0x4 C:/ST/STM32CubeIDE_1.17.0/STM32CubeIDE/plugins/com.st.stm32cube.ide.mcu.externaltools.gnu-tools-for-stm32.12.3.rel1.win32_1.1.0.202410251130/tools/bin/../lib/gcc/arm-none-eabi/12.3.1/thumb/v7-m/nofp/crtbegin.o
                [!provide]                        PROVIDE (__fini_array_end = .)
                0x080040b0                        . = ALIGN (0x4)
                0x080040b0                        _sidata = LOADADDR (.data)

.rel.dyn        0x080040b0        0x0
 .rel.iplt      0x080040b0        0x0 C:/ST/STM32CubeIDE_1.17.0/STM32CubeIDE/plugins/com.st.stm32cube.ide.mcu.externaltools.gnu-tools-for-stm32.12.3.rel1.win32_1.1.0.202410251130/tools/bin/../lib/gcc/arm-none-eabi/12.3.1/thumb/v7-m/nofp/crtbegin.o

.data           0x20000000       0xa0 load address 0x080040b0
                0x20000000                        . = ALIGN (0x4)
                0x20000000                        _sdata = .
 *(.data)
 *(.data*)
 .data.ui32KBDGpioPorts
                0x20000000       0x28 ./Core/Src/kbd.o
                0x20000000                ui32KBDGpioPorts
 .data.ui16KBDGpioPins
                0x20000028       0x14 ./Core/Src/kbd.o
                0x20000028                ui16KBDGpioPins
 .data.ui32ButtonDebounce
                0x2000003c        0x4 ./Core/Src/kbd.o
                0x2000003c                ui32ButtonDebounce
 .data.currentOption
                0x20000040        0x4 ./Core/Src/main.o
                0x20000040                currentOption
 .data.SystemCoreClock
                0x20000044        0x4 ./Core/Src/system_stm32l1xx.o
                0x20000044                SystemCoreClock
 .data.uwTickFreq
                0x20000048        0x4 ./Drivers/STM32L1xx_HAL_Driver/Src/stm32l1xx_hal.o
                0x20000048                uwTickFreq
 .data.uwTickPrio
                0x2000004c        0x4 ./Drivers/STM32L1xx_HAL_Driver/Src/stm32l1xx_hal.o
                0x2000004c                uwTickPrio
 .data._impure_ptr
                0x20000050        0x4 C:/ST/STM32CubeIDE_1.17.0/STM32CubeIDE/plugins/com.st.stm32cube.ide.mcu.externaltools.gnu-tools-for-stm32.12.3.rel1.win32_1.1.0.202410251130/tools/bin/../lib/gcc/arm-none-eabi/12.3.1/../../../../arm-none-eabi/lib/thumb/v7-m/nofp\libc_nano.a(libc_a-impure.o)
                0x20000050                _impure_ptr
 .data._impure_data
                0x20000054       0x4c C:/ST/STM32CubeIDE_1.17.0/STM32CubeIDE/plugins/com.st.stm32cube.ide.mcu.externaltools.gnu-tools-for-stm32.12.3.rel1.win32_1.1.0.202410251130/tools/bin/../lib/gcc/arm-none-eabi/12.3.1/../../../../arm-none-eabi/lib/thumb/v7-m/nofp\libc_nano.a(libc_a-impure.o)
                0x20000054                _impure_data
 *(.RamFunc)
 *(.RamFunc*)
                0x200000a0                        . = ALIGN (0x4)
                0x200000a0                        _edata = .

.igot.plt       0x200000a0        0x0 load address 0x08004150
 .igot.plt      0x200000a0        0x0 C:/ST/STM32CubeIDE_1.17.0/STM32CubeIDE/plugins/com.st.stm32cube.ide.mcu.externaltools.gnu-tools-for-stm32.12.3.rel1.win32_1.1.0.202410251130/tools/bin/../lib/gcc/arm-none-eabi/12.3.1/thumb/v7-m/nofp/crtbegin.o
                0x200000a0                        . = ALIGN (0x4)

.bss            0x200000a0      0x4fc load address 0x08004150
                0x200000a0                        _sbss = .
                0x200000a0                        __bss_start__ = _sbss
 *(.bss)
 .bss           0x200000a0       0x1c C:/ST/STM32CubeIDE_1.17.0/STM32CubeIDE/plugins/com.st.stm32cube.ide.mcu.externaltools.gnu-tools-for-stm32.12.3.rel1.win32_1.1.0.202410251130/tools/bin/../lib/gcc/arm-none-eabi/12.3.1/thumb/v7-m/nofp/crtbegin.o
 *(.bss*)
 .bss.hadc      0x200000bc       0x54 ./Core/Src/adc.o
                0x200000bc                hadc
 .bss.hi2c2     0x20000110       0x54 ./Core/Src/i2c.o
                0x20000110                hi2c2
 .bss.hi2c1     0x20000164       0x54 ./Core/Src/i2c.o
                0x20000164                hi2c1
 .bss.ui8TriggerPressed.0
                0x200001b8        0xa ./Core/Src/kbd.o
 *fill*         0x200001c2        0x2 
 .bss.ui32PressConfidenceLevel.1
                0x200001c4       0x28 ./Core/Src/kbd.o
 .bss.ui32ReleaseConfidenceLevel.2
                0x200001ec       0x28 ./Core/Src/kbd.o
 .bss.hspi1     0x20000214       0x58 ./Core/Src/spi.o
                0x20000214                hspi1
 .bss.__sbrk_heap_end
                0x2000026c        0x4 ./Core/Src/sysmem.o
 .bss.htim11    0x20000270       0x40 ./Core/Src/tim.o
                0x20000270                htim11
 .bss.htim4     0x200002b0       0x40 ./Core/Src/tim.o
                0x200002b0                htim4
 .bss.htim3     0x200002f0       0x40 ./Core/Src/tim.o
                0x200002f0                htim3
 .bss.huart3    0x20000330       0x48 ./Core/Src/usart.o
                0x20000330                huart3
 .bss.huart2    0x20000378       0x48 ./Core/Src/usart.o
                0x20000378                huart2
 .bss.huart1    0x200003c0       0x48 ./Core/Src/usart.o
                0x200003c0                huart1
 .bss.huart5    0x20000408       0x48 ./Core/Src/usart.o
                0x20000408                huart5
 .bss.uwTick    0x20000450        0x4 ./Drivers/STM32L1xx_HAL_Driver/Src/stm32l1xx_hal.o
                0x20000450                uwTick
 .bss.__sf      0x20000454      0x138 C:/ST/STM32CubeIDE_1.17.0/STM32CubeIDE/plugins/com.st.stm32cube.ide.mcu.externaltools.gnu-tools-for-stm32.12.3.rel1.win32_1.1.0.202410251130/tools/bin/../lib/gcc/arm-none-eabi/12.3.1/../../../../arm-none-eabi/lib/thumb/v7-m/nofp\libc_nano.a(libc_a-findfp.o)
                0x20000454                __sf
 .bss.errno     0x2000058c        0x4 C:/ST/STM32CubeIDE_1.17.0/STM32CubeIDE/plugins/com.st.stm32cube.ide.mcu.externaltools.gnu-tools-for-stm32.12.3.rel1.win32_1.1.0.202410251130/tools/bin/../lib/gcc/arm-none-eabi/12.3.1/../../../../arm-none-eabi/lib/thumb/v7-m/nofp\libc_nano.a(libc_a-reent.o)
                0x2000058c                errno
 .bss.__lock___malloc_recursive_mutex
                0x20000590        0x1 C:/ST/STM32CubeIDE_1.17.0/STM32CubeIDE/plugins/com.st.stm32cube.ide.mcu.externaltools.gnu-tools-for-stm32.12.3.rel1.win32_1.1.0.202410251130/tools/bin/../lib/gcc/arm-none-eabi/12.3.1/../../../../arm-none-eabi/lib/thumb/v7-m/nofp\libc_nano.a(libc_a-lock.o)
                0x20000590                __lock___malloc_recursive_mutex
 *fill*         0x20000591        0x3 
 .bss.__malloc_sbrk_start
                0x20000594        0x4 C:/ST/STM32CubeIDE_1.17.0/STM32CubeIDE/plugins/com.st.stm32cube.ide.mcu.externaltools.gnu-tools-for-stm32.12.3.rel1.win32_1.1.0.202410251130/tools/bin/../lib/gcc/arm-none-eabi/12.3.1/../../../../arm-none-eabi/lib/thumb/v7-m/nofp\libc_nano.a(libc_a-mallocr.o)
                0x20000594                __malloc_sbrk_start
 .bss.__malloc_free_list
                0x20000598        0x4 C:/ST/STM32CubeIDE_1.17.0/STM32CubeIDE/plugins/com.st.stm32cube.ide.mcu.externaltools.gnu-tools-for-stm32.12.3.rel1.win32_1.1.0.202410251130/tools/bin/../lib/gcc/arm-none-eabi/12.3.1/../../../../arm-none-eabi/lib/thumb/v7-m/nofp\libc_nano.a(libc_a-mallocr.o)
                0x20000598                __malloc_free_list
 *(COMMON)
                0x2000059c                        . = ALIGN (0x4)
                0x2000059c                        _ebss = .
                0x2000059c                        __bss_end__ = _ebss

._user_heap_stack
                0x2000059c      0x604 load address 0x08004150
                0x200005a0                        . = ALIGN (0x8)
 *fill*         0x2000059c        0x4 
                [!provide]                        PROVIDE (end = .)
                0x200005a0                        PROVIDE (_end = .)
                0x200007a0                        . = (. + _Min_Heap_Size)
 *fill*         0x200005a0      0x200 
                0x20000ba0                        . = (. + _Min_Stack_Size)
 *fill*         0x200007a0      0x400 
                0x20000ba0                        . = ALIGN (0x8)

/DISCARD/
 libc.a(*)
 libm.a(*)
 libgcc.a(*)

.ARM.attributes
                0x00000000       0x29
 *(.ARM.attributes)
 .ARM.attributes
                0x00000000       0x1d C:/ST/STM32CubeIDE_1.17.0/STM32CubeIDE/plugins/com.st.stm32cube.ide.mcu.externaltools.gnu-tools-for-stm32.12.3.rel1.win32_1.1.0.202410251130/tools/bin/../lib/gcc/arm-none-eabi/12.3.1/thumb/v7-m/nofp/crti.o
 .ARM.attributes
                0x0000001d       0x2d C:/ST/STM32CubeIDE_1.17.0/STM32CubeIDE/plugins/com.st.stm32cube.ide.mcu.externaltools.gnu-tools-for-stm32.12.3.rel1.win32_1.1.0.202410251130/tools/bin/../lib/gcc/arm-none-eabi/12.3.1/thumb/v7-m/nofp/crtbegin.o
 .ARM.attributes
                0x0000004a       0x2d ./Core/Src/adc.o
 .ARM.attributes
                0x00000077       0x2d ./Core/Src/gpio.o
 .ARM.attributes
                0x000000a4       0x2d ./Core/Src/i2c.o
 .ARM.attributes
                0x000000d1       0x2d ./Core/Src/kbd.o
 .ARM.attributes
                0x000000fe       0x2d ./Core/Src/lcd.o
 .ARM.attributes
                0x0000012b       0x2d ./Core/Src/main.o
 .ARM.attributes
                0x00000158       0x2d ./Core/Src/spi.o
 .ARM.attributes
                0x00000185       0x2d ./Core/Src/stm32l1xx_hal_msp.o
 .ARM.attributes
                0x000001b2       0x2d ./Core/Src/stm32l1xx_it.o
 .ARM.attributes
                0x000001df       0x2d ./Core/Src/sysmem.o
 .ARM.attributes
                0x0000020c       0x2d ./Core/Src/system_stm32l1xx.o
 .ARM.attributes
                0x00000239       0x2d ./Core/Src/tim.o
 .ARM.attributes
                0x00000266       0x2d ./Core/Src/usart.o
 .ARM.attributes
                0x00000293       0x21 ./Core/Startup/startup_stm32l151vetx.o
 .ARM.attributes
                0x000002b4       0x2d ./Drivers/STM32L1xx_HAL_Driver/Src/stm32l1xx_hal.o
 .ARM.attributes
                0x000002e1       0x2d ./Drivers/STM32L1xx_HAL_Driver/Src/stm32l1xx_hal_adc.o
 .ARM.attributes
                0x0000030e       0x2d ./Drivers/STM32L1xx_HAL_Driver/Src/stm32l1xx_hal_cortex.o
 .ARM.attributes
                0x0000033b       0x2d ./Drivers/STM32L1xx_HAL_Driver/Src/stm32l1xx_hal_gpio.o
 .ARM.attributes
                0x00000368       0x2d ./Drivers/STM32L1xx_HAL_Driver/Src/stm32l1xx_hal_i2c.o
 .ARM.attributes
                0x00000395       0x2d ./Drivers/STM32L1xx_HAL_Driver/Src/stm32l1xx_hal_rcc.o
 .ARM.attributes
                0x000003c2       0x2d ./Drivers/STM32L1xx_HAL_Driver/Src/stm32l1xx_hal_spi.o
 .ARM.attributes
                0x000003ef       0x2d ./Drivers/STM32L1xx_HAL_Driver/Src/stm32l1xx_hal_tim.o
 .ARM.attributes
                0x0000041c       0x2d ./Drivers/STM32L1xx_HAL_Driver/Src/stm32l1xx_hal_tim_ex.o
 .ARM.attributes
                0x00000449       0x2d ./Drivers/STM32L1xx_HAL_Driver/Src/stm32l1xx_hal_uart.o
 .ARM.attributes
                0x00000476       0x2d C:/ST/STM32CubeIDE_1.17.0/STM32CubeIDE/plugins/com.st.stm32cube.ide.mcu.externaltools.gnu-tools-for-stm32.12.3.rel1.win32_1.1.0.202410251130/tools/bin/../lib/gcc/arm-none-eabi/12.3.1/../../../../arm-none-eabi/lib/thumb/v7-m/nofp\libc_nano.a(libc_a-findfp.o)
 .ARM.attributes
                0x000004a3       0x2d C:/ST/STM32CubeIDE_1.17.0/STM32CubeIDE/plugins/com.st.stm32cube.ide.mcu.externaltools.gnu-tools-for-stm32.12.3.rel1.win32_1.1.0.202410251130/tools/bin/../lib/gcc/arm-none-eabi/12.3.1/../../../../arm-none-eabi/lib/thumb/v7-m/nofp\libc_nano.a(libc_a-snprintf.o)
 .ARM.attributes
                0x000004d0       0x2d C:/ST/STM32CubeIDE_1.17.0/STM32CubeIDE/plugins/com.st.stm32cube.ide.mcu.externaltools.gnu-tools-for-stm32.12.3.rel1.win32_1.1.0.202410251130/tools/bin/../lib/gcc/arm-none-eabi/12.3.1/../../../../arm-none-eabi/lib/thumb/v7-m/nofp\libc_nano.a(libc_a-memset.o)
 .ARM.attributes
                0x000004fd       0x2d C:/ST/STM32CubeIDE_1.17.0/STM32CubeIDE/plugins/com.st.stm32cube.ide.mcu.externaltools.gnu-tools-for-stm32.12.3.rel1.win32_1.1.0.202410251130/tools/bin/../lib/gcc/arm-none-eabi/12.3.1/../../../../arm-none-eabi/lib/thumb/v7-m/nofp\libc_nano.a(libc_a-strncat.o)
 .ARM.attributes
                0x0000052a       0x2d C:/ST/STM32CubeIDE_1.17.0/STM32CubeIDE/plugins/com.st.stm32cube.ide.mcu.externaltools.gnu-tools-for-stm32.12.3.rel1.win32_1.1.0.202410251130/tools/bin/../lib/gcc/arm-none-eabi/12.3.1/../../../../arm-none-eabi/lib/thumb/v7-m/nofp\libc_nano.a(libc_a-reent.o)
 .ARM.attributes
                0x00000557       0x2d C:/ST/STM32CubeIDE_1.17.0/STM32CubeIDE/plugins/com.st.stm32cube.ide.mcu.externaltools.gnu-tools-for-stm32.12.3.rel1.win32_1.1.0.202410251130/tools/bin/../lib/gcc/arm-none-eabi/12.3.1/../../../../arm-none-eabi/lib/thumb/v7-m/nofp\libc_nano.a(libc_a-impure.o)
 .ARM.attributes
                0x00000584       0x2d C:/ST/STM32CubeIDE_1.17.0/STM32CubeIDE/plugins/com.st.stm32cube.ide.mcu.externaltools.gnu-tools-for-stm32.12.3.rel1.win32_1.1.0.202410251130/tools/bin/../lib/gcc/arm-none-eabi/12.3.1/../../../../arm-none-eabi/lib/thumb/v7-m/nofp\libc_nano.a(libc_a-errno.o)
 .ARM.attributes
                0x000005b1       0x2d C:/ST/STM32CubeIDE_1.17.0/STM32CubeIDE/plugins/com.st.stm32cube.ide.mcu.externaltools.gnu-tools-for-stm32.12.3.rel1.win32_1.1.0.202410251130/tools/bin/../lib/gcc/arm-none-eabi/12.3.1/../../../../arm-none-eabi/lib/thumb/v7-m/nofp\libc_nano.a(libc_a-init.o)
 .ARM.attributes
                0x000005de       0x2d C:/ST/STM32CubeIDE_1.17.0/STM32CubeIDE/plugins/com.st.stm32cube.ide.mcu.externaltools.gnu-tools-for-stm32.12.3.rel1.win32_1.1.0.202410251130/tools/bin/../lib/gcc/arm-none-eabi/12.3.1/../../../../arm-none-eabi/lib/thumb/v7-m/nofp\libc_nano.a(libc_a-lock.o)
 .ARM.attributes
                0x0000060b       0x17 C:/ST/STM32CubeIDE_1.17.0/STM32CubeIDE/plugins/com.st.stm32cube.ide.mcu.externaltools.gnu-tools-for-stm32.12.3.rel1.win32_1.1.0.202410251130/tools/bin/../lib/gcc/arm-none-eabi/12.3.1/../../../../arm-none-eabi/lib/thumb/v7-m/nofp\libc_nano.a(libc_a-strlen.o)
 .ARM.attributes
                0x00000622       0x2d C:/ST/STM32CubeIDE_1.17.0/STM32CubeIDE/plugins/com.st.stm32cube.ide.mcu.externaltools.gnu-tools-for-stm32.12.3.rel1.win32_1.1.0.202410251130/tools/bin/../lib/gcc/arm-none-eabi/12.3.1/../../../../arm-none-eabi/lib/thumb/v7-m/nofp\libc_nano.a(libc_a-freer.o)
 .ARM.attributes
                0x0000064f       0x2d C:/ST/STM32CubeIDE_1.17.0/STM32CubeIDE/plugins/com.st.stm32cube.ide.mcu.externaltools.gnu-tools-for-stm32.12.3.rel1.win32_1.1.0.202410251130/tools/bin/../lib/gcc/arm-none-eabi/12.3.1/../../../../arm-none-eabi/lib/thumb/v7-m/nofp\libc_nano.a(libc_a-mallocr.o)
 .ARM.attributes
                0x0000067c       0x2d C:/ST/STM32CubeIDE_1.17.0/STM32CubeIDE/plugins/com.st.stm32cube.ide.mcu.externaltools.gnu-tools-for-stm32.12.3.rel1.win32_1.1.0.202410251130/tools/bin/../lib/gcc/arm-none-eabi/12.3.1/../../../../arm-none-eabi/lib/thumb/v7-m/nofp\libc_nano.a(libc_a-mlock.o)
 .ARM.attributes
                0x000006a9       0x2d C:/ST/STM32CubeIDE_1.17.0/STM32CubeIDE/plugins/com.st.stm32cube.ide.mcu.externaltools.gnu-tools-for-stm32.12.3.rel1.win32_1.1.0.202410251130/tools/bin/../lib/gcc/arm-none-eabi/12.3.1/../../../../arm-none-eabi/lib/thumb/v7-m/nofp\libc_nano.a(libc_a-nano-svfprintf.o)
 .ARM.attributes
                0x000006d6       0x2d C:/ST/STM32CubeIDE_1.17.0/STM32CubeIDE/plugins/com.st.stm32cube.ide.mcu.externaltools.gnu-tools-for-stm32.12.3.rel1.win32_1.1.0.202410251130/tools/bin/../lib/gcc/arm-none-eabi/12.3.1/../../../../arm-none-eabi/lib/thumb/v7-m/nofp\libc_nano.a(libc_a-nano-vfprintf_i.o)
 .ARM.attributes
                0x00000703       0x2d C:/ST/STM32CubeIDE_1.17.0/STM32CubeIDE/plugins/com.st.stm32cube.ide.mcu.externaltools.gnu-tools-for-stm32.12.3.rel1.win32_1.1.0.202410251130/tools/bin/../lib/gcc/arm-none-eabi/12.3.1/../../../../arm-none-eabi/lib/thumb/v7-m/nofp\libc_nano.a(libc_a-memmove.o)
 .ARM.attributes
                0x00000730       0x2d C:/ST/STM32CubeIDE_1.17.0/STM32CubeIDE/plugins/com.st.stm32cube.ide.mcu.externaltools.gnu-tools-for-stm32.12.3.rel1.win32_1.1.0.202410251130/tools/bin/../lib/gcc/arm-none-eabi/12.3.1/../../../../arm-none-eabi/lib/thumb/v7-m/nofp\libc_nano.a(libc_a-sbrkr.o)
 .ARM.attributes
                0x0000075d       0x2d C:/ST/STM32CubeIDE_1.17.0/STM32CubeIDE/plugins/com.st.stm32cube.ide.mcu.externaltools.gnu-tools-for-stm32.12.3.rel1.win32_1.1.0.202410251130/tools/bin/../lib/gcc/arm-none-eabi/12.3.1/../../../../arm-none-eabi/lib/thumb/v7-m/nofp\libc_nano.a(libc_a-memchr-stub.o)
 .ARM.attributes
                0x0000078a       0x2d C:/ST/STM32CubeIDE_1.17.0/STM32CubeIDE/plugins/com.st.stm32cube.ide.mcu.externaltools.gnu-tools-for-stm32.12.3.rel1.win32_1.1.0.202410251130/tools/bin/../lib/gcc/arm-none-eabi/12.3.1/../../../../arm-none-eabi/lib/thumb/v7-m/nofp\libc_nano.a(libc_a-memcpy-stub.o)
 .ARM.attributes
                0x000007b7       0x2d C:/ST/STM32CubeIDE_1.17.0/STM32CubeIDE/plugins/com.st.stm32cube.ide.mcu.externaltools.gnu-tools-for-stm32.12.3.rel1.win32_1.1.0.202410251130/tools/bin/../lib/gcc/arm-none-eabi/12.3.1/../../../../arm-none-eabi/lib/thumb/v7-m/nofp\libc_nano.a(libc_a-reallocr.o)
 .ARM.attributes
                0x000007e4       0x2d C:/ST/STM32CubeIDE_1.17.0/STM32CubeIDE/plugins/com.st.stm32cube.ide.mcu.externaltools.gnu-tools-for-stm32.12.3.rel1.win32_1.1.0.202410251130/tools/bin/../lib/gcc/arm-none-eabi/12.3.1/../../../../arm-none-eabi/lib/thumb/v7-m/nofp\libc_nano.a(libc_a-msizer.o)
 .ARM.attributes
                0x00000811       0x1d C:/ST/STM32CubeIDE_1.17.0/STM32CubeIDE/plugins/com.st.stm32cube.ide.mcu.externaltools.gnu-tools-for-stm32.12.3.rel1.win32_1.1.0.202410251130/tools/bin/../lib/gcc/arm-none-eabi/12.3.1/thumb/v7-m/nofp\libgcc.a(_aeabi_uldivmod.o)
 .ARM.attributes
                0x0000082e       0x2d C:/ST/STM32CubeIDE_1.17.0/STM32CubeIDE/plugins/com.st.stm32cube.ide.mcu.externaltools.gnu-tools-for-stm32.12.3.rel1.win32_1.1.0.202410251130/tools/bin/../lib/gcc/arm-none-eabi/12.3.1/thumb/v7-m/nofp\libgcc.a(_udivmoddi4.o)
 .ARM.attributes
                0x0000085b       0x1d C:/ST/STM32CubeIDE_1.17.0/STM32CubeIDE/plugins/com.st.stm32cube.ide.mcu.externaltools.gnu-tools-for-stm32.12.3.rel1.win32_1.1.0.202410251130/tools/bin/../lib/gcc/arm-none-eabi/12.3.1/thumb/v7-m/nofp\libgcc.a(_dvmd_tls.o)
 .ARM.attributes
                0x00000878       0x1d C:/ST/STM32CubeIDE_1.17.0/STM32CubeIDE/plugins/com.st.stm32cube.ide.mcu.externaltools.gnu-tools-for-stm32.12.3.rel1.win32_1.1.0.202410251130/tools/bin/../lib/gcc/arm-none-eabi/12.3.1/thumb/v7-m/nofp/crtn.o
OUTPUT(NewDisplay.elf elf32-littlearm)
LOAD linker stubs
LOAD C:/ST/STM32CubeIDE_1.17.0/STM32CubeIDE/plugins/com.st.stm32cube.ide.mcu.externaltools.gnu-tools-for-stm32.12.3.rel1.win32_1.1.0.202410251130/tools/bin/../lib/gcc/arm-none-eabi/12.3.1/../../../../arm-none-eabi/lib/thumb/v7-m/nofp\libc.a
LOAD C:/ST/STM32CubeIDE_1.17.0/STM32CubeIDE/plugins/com.st.stm32cube.ide.mcu.externaltools.gnu-tools-for-stm32.12.3.rel1.win32_1.1.0.202410251130/tools/bin/../lib/gcc/arm-none-eabi/12.3.1/../../../../arm-none-eabi/lib/thumb/v7-m/nofp\libm.a
LOAD C:/ST/STM32CubeIDE_1.17.0/STM32CubeIDE/plugins/com.st.stm32cube.ide.mcu.externaltools.gnu-tools-for-stm32.12.3.rel1.win32_1.1.0.202410251130/tools/bin/../lib/gcc/arm-none-eabi/12.3.1/thumb/v7-m/nofp\libgcc.a

.debug_info     0x00000000    0x17559
 .debug_info    0x00000000      0x9dc ./Core/Src/adc.o
 .debug_info    0x000009dc      0x204 ./Core/Src/gpio.o
 .debug_info    0x00000be0      0x9b2 ./Core/Src/i2c.o
 .debug_info    0x00001592      0x42b ./Core/Src/kbd.o
 .debug_info    0x000019bd     0x1500 ./Core/Src/lcd.o
 .debug_info    0x00002ebd      0x904 ./Core/Src/main.o
 .debug_info    0x000037c1      0x8c1 ./Core/Src/spi.o
 .debug_info    0x00004082      0x1ac ./Core/Src/stm32l1xx_hal_msp.o
 .debug_info    0x0000422e      0x111 ./Core/Src/stm32l1xx_it.o
 .debug_info    0x0000433f      0x171 ./Core/Src/sysmem.o
 .debug_info    0x000044b0      0x291 ./Core/Src/system_stm32l1xx.o
 .debug_info    0x00004741      0xd6a ./Core/Src/tim.o
 .debug_info    0x000054ab      0xafd ./Core/Src/usart.o
 .debug_info    0x00005fa8      0x7d8 ./Drivers/STM32L1xx_HAL_Driver/Src/stm32l1xx_hal.o
 .debug_info    0x00006780     0x10eb ./Drivers/STM32L1xx_HAL_Driver/Src/stm32l1xx_hal_adc.o
 .debug_info    0x0000786b      0xf18 ./Drivers/STM32L1xx_HAL_Driver/Src/stm32l1xx_hal_cortex.o
 .debug_info    0x00008783      0x5e6 ./Drivers/STM32L1xx_HAL_Driver/Src/stm32l1xx_hal_gpio.o
 .debug_info    0x00008d69     0x369b ./Drivers/STM32L1xx_HAL_Driver/Src/stm32l1xx_hal_i2c.o
 .debug_info    0x0000c404      0xc03 ./Drivers/STM32L1xx_HAL_Driver/Src/stm32l1xx_hal_rcc.o
 .debug_info    0x0000d007     0x1d1d ./Drivers/STM32L1xx_HAL_Driver/Src/stm32l1xx_hal_spi.o
 .debug_info    0x0000ed24     0x4024 ./Drivers/STM32L1xx_HAL_Driver/Src/stm32l1xx_hal_tim.o
 .debug_info    0x00012d48      0x6be ./Drivers/STM32L1xx_HAL_Driver/Src/stm32l1xx_hal_tim_ex.o
 .debug_info    0x00013406     0x4153 ./Drivers/STM32L1xx_HAL_Driver/Src/stm32l1xx_hal_uart.o

.debug_abbrev   0x00000000     0x3741
 .debug_abbrev  0x00000000      0x21e ./Core/Src/adc.o
 .debug_abbrev  0x0000021e       0xcd ./Core/Src/gpio.o
 .debug_abbrev  0x000002eb      0x225 ./Core/Src/i2c.o
 .debug_abbrev  0x00000510      0x1eb ./Core/Src/kbd.o
 .debug_abbrev  0x000006fb      0x42c ./Core/Src/lcd.o
 .debug_abbrev  0x00000b27      0x26e ./Core/Src/main.o
 .debug_abbrev  0x00000d95      0x214 ./Core/Src/spi.o
 .debug_abbrev  0x00000fa9       0xcd ./Core/Src/stm32l1xx_hal_msp.o
 .debug_abbrev  0x00001076       0xb4 ./Core/Src/stm32l1xx_it.o
 .debug_abbrev  0x0000112a       0xea ./Core/Src/sysmem.o
 .debug_abbrev  0x00001214      0x120 ./Core/Src/system_stm32l1xx.o
 .debug_abbrev  0x00001334      0x25b ./Core/Src/tim.o
 .debug_abbrev  0x0000158f      0x275 ./Core/Src/usart.o
 .debug_abbrev  0x00001804      0x2e7 ./Drivers/STM32L1xx_HAL_Driver/Src/stm32l1xx_hal.o
 .debug_abbrev  0x00001aeb      0x31b ./Drivers/STM32L1xx_HAL_Driver/Src/stm32l1xx_hal_adc.o
 .debug_abbrev  0x00001e06      0x398 ./Drivers/STM32L1xx_HAL_Driver/Src/stm32l1xx_hal_cortex.o
 .debug_abbrev  0x0000219e      0x200 ./Drivers/STM32L1xx_HAL_Driver/Src/stm32l1xx_hal_gpio.o
 .debug_abbrev  0x0000239e      0x421 ./Drivers/STM32L1xx_HAL_Driver/Src/stm32l1xx_hal_i2c.o
 .debug_abbrev  0x000027bf      0x31d ./Drivers/STM32L1xx_HAL_Driver/Src/stm32l1xx_hal_rcc.o
 .debug_abbrev  0x00002adc      0x363 ./Drivers/STM32L1xx_HAL_Driver/Src/stm32l1xx_hal_spi.o
 .debug_abbrev  0x00002e3f      0x379 ./Drivers/STM32L1xx_HAL_Driver/Src/stm32l1xx_hal_tim.o
 .debug_abbrev  0x000031b8      0x18e ./Drivers/STM32L1xx_HAL_Driver/Src/stm32l1xx_hal_tim_ex.o
 .debug_abbrev  0x00003346      0x3fb ./Drivers/STM32L1xx_HAL_Driver/Src/stm32l1xx_hal_uart.o

.debug_loclists
                0x00000000     0x9f19
 .debug_loclists
                0x00000000       0x49 ./Core/Src/adc.o
 .debug_loclists
                0x00000049       0x6b ./Core/Src/i2c.o
 .debug_loclists
                0x000000b4       0x9a ./Core/Src/kbd.o
 .debug_loclists
                0x0000014e      0x616 ./Core/Src/lcd.o
 .debug_loclists
                0x00000764      0x104 ./Core/Src/main.o
 .debug_loclists
                0x00000868       0x48 ./Core/Src/spi.o
 .debug_loclists
                0x000008b0       0x35 ./Core/Src/sysmem.o
 .debug_loclists
                0x000008e5       0xdc ./Core/Src/system_stm32l1xx.o
 .debug_loclists
                0x000009c1       0x2a ./Core/Src/tim.o
 .debug_loclists
                0x000009eb       0x9e ./Core/Src/usart.o
 .debug_loclists
                0x00000a89      0x10e ./Drivers/STM32L1xx_HAL_Driver/Src/stm32l1xx_hal.o
 .debug_loclists
                0x00000b97      0x5c5 ./Drivers/STM32L1xx_HAL_Driver/Src/stm32l1xx_hal_adc.o
 .debug_loclists
                0x0000115c      0x35e ./Drivers/STM32L1xx_HAL_Driver/Src/stm32l1xx_hal_cortex.o
 .debug_loclists
                0x000014ba      0x258 ./Drivers/STM32L1xx_HAL_Driver/Src/stm32l1xx_hal_gpio.o
 .debug_loclists
                0x00001712     0x2196 ./Drivers/STM32L1xx_HAL_Driver/Src/stm32l1xx_hal_i2c.o
 .debug_loclists
                0x000038a8      0x40b ./Drivers/STM32L1xx_HAL_Driver/Src/stm32l1xx_hal_rcc.o
 .debug_loclists
                0x00003cb3      0xfff ./Drivers/STM32L1xx_HAL_Driver/Src/stm32l1xx_hal_spi.o
 .debug_loclists
                0x00004cb2     0x29ef ./Drivers/STM32L1xx_HAL_Driver/Src/stm32l1xx_hal_tim.o
 .debug_loclists
                0x000076a1       0x7b ./Drivers/STM32L1xx_HAL_Driver/Src/stm32l1xx_hal_tim_ex.o
 .debug_loclists
                0x0000771c     0x27fd ./Drivers/STM32L1xx_HAL_Driver/Src/stm32l1xx_hal_uart.o

.debug_aranges  0x00000000     0x1070
 .debug_aranges
                0x00000000       0x30 ./Core/Src/adc.o
 .debug_aranges
                0x00000030       0x20 ./Core/Src/gpio.o
 .debug_aranges
                0x00000050       0x38 ./Core/Src/i2c.o
 .debug_aranges
                0x00000088       0x30 ./Core/Src/kbd.o
 .debug_aranges
                0x000000b8      0x120 ./Core/Src/lcd.o
 .debug_aranges
                0x000001d8       0x30 ./Core/Src/main.o
 .debug_aranges
                0x00000208       0x30 ./Core/Src/spi.o
 .debug_aranges
                0x00000238       0x20 ./Core/Src/stm32l1xx_hal_msp.o
 .debug_aranges
                0x00000258       0x60 ./Core/Src/stm32l1xx_it.o
 .debug_aranges
                0x000002b8       0x20 ./Core/Src/sysmem.o
 .debug_aranges
                0x000002d8       0x28 ./Core/Src/system_stm32l1xx.o
 .debug_aranges
                0x00000300       0x48 ./Core/Src/tim.o
 .debug_aranges
                0x00000348       0x50 ./Core/Src/usart.o
 .debug_aranges
                0x00000398       0xe0 ./Drivers/STM32L1xx_HAL_Driver/Src/stm32l1xx_hal.o
 .debug_aranges
                0x00000478       0xf0 ./Drivers/STM32L1xx_HAL_Driver/Src/stm32l1xx_hal_adc.o
 .debug_aranges
                0x00000568       0xa8 ./Drivers/STM32L1xx_HAL_Driver/Src/stm32l1xx_hal_cortex.o
 .debug_aranges
                0x00000610       0x58 ./Drivers/STM32L1xx_HAL_Driver/Src/stm32l1xx_hal_gpio.o
 .debug_aranges
                0x00000668      0x208 ./Drivers/STM32L1xx_HAL_Driver/Src/stm32l1xx_hal_i2c.o
 .debug_aranges
                0x00000870       0x90 ./Drivers/STM32L1xx_HAL_Driver/Src/stm32l1xx_hal_rcc.o
 .debug_aranges
                0x00000900      0x1d0 ./Drivers/STM32L1xx_HAL_Driver/Src/stm32l1xx_hal_spi.o
 .debug_aranges
                0x00000ad0      0x388 ./Drivers/STM32L1xx_HAL_Driver/Src/stm32l1xx_hal_tim.o
 .debug_aranges
                0x00000e58       0x28 ./Drivers/STM32L1xx_HAL_Driver/Src/stm32l1xx_hal_tim_ex.o
 .debug_aranges
                0x00000e80      0x1f0 ./Drivers/STM32L1xx_HAL_Driver/Src/stm32l1xx_hal_uart.o

.debug_rnglists
                0x00000000     0x10ef
 .debug_rnglists
                0x00000000       0x3b ./Core/Src/adc.o
 .debug_rnglists
                0x0000003b       0x1f ./Core/Src/gpio.o
 .debug_rnglists
                0x0000005a       0x4a ./Core/Src/i2c.o
 .debug_rnglists
                0x000000a4       0x20 ./Core/Src/kbd.o
 .debug_rnglists
                0x000000c4      0x157 ./Core/Src/lcd.o
 .debug_rnglists
                0x0000021b       0x20 ./Core/Src/main.o
 .debug_rnglists
                0x0000023b       0x3a ./Core/Src/spi.o
 .debug_rnglists
                0x00000275       0x1f ./Core/Src/stm32l1xx_hal_msp.o
 .debug_rnglists
                0x00000294       0x43 ./Core/Src/stm32l1xx_it.o
 .debug_rnglists
                0x000002d7       0x13 ./Core/Src/sysmem.o
 .debug_rnglists
                0x000002ea       0x19 ./Core/Src/system_stm32l1xx.o
 .debug_rnglists
                0x00000303       0x41 ./Core/Src/tim.o
 .debug_rnglists
                0x00000344       0x7b ./Core/Src/usart.o
 .debug_rnglists
                0x000003bf       0xa3 ./Drivers/STM32L1xx_HAL_Driver/Src/stm32l1xx_hal.o
 .debug_rnglists
                0x00000462       0xcd ./Drivers/STM32L1xx_HAL_Driver/Src/stm32l1xx_hal_adc.o
 .debug_rnglists
                0x0000052f       0xe5 ./Drivers/STM32L1xx_HAL_Driver/Src/stm32l1xx_hal_cortex.o
 .debug_rnglists
                0x00000614       0x57 ./Drivers/STM32L1xx_HAL_Driver/Src/stm32l1xx_hal_gpio.o
 .debug_rnglists
                0x0000066b      0x361 ./Drivers/STM32L1xx_HAL_Driver/Src/stm32l1xx_hal_i2c.o
 .debug_rnglists
                0x000009cc       0x8d ./Drivers/STM32L1xx_HAL_Driver/Src/stm32l1xx_hal_rcc.o
 .debug_rnglists
                0x00000a59      0x195 ./Drivers/STM32L1xx_HAL_Driver/Src/stm32l1xx_hal_spi.o
 .debug_rnglists
                0x00000bee      0x336 ./Drivers/STM32L1xx_HAL_Driver/Src/stm32l1xx_hal_tim.o
 .debug_rnglists
                0x00000f24       0x19 ./Drivers/STM32L1xx_HAL_Driver/Src/stm32l1xx_hal_tim_ex.o
 .debug_rnglists
                0x00000f3d      0x1b2 ./Drivers/STM32L1xx_HAL_Driver/Src/stm32l1xx_hal_uart.o

.debug_line     0x00000000    0x175c3
 .debug_line    0x00000000      0x467 ./Core/Src/adc.o
 .debug_line    0x00000467      0x293 ./Core/Src/gpio.o
 .debug_line    0x000006fa      0x4df ./Core/Src/i2c.o
 .debug_line    0x00000bd9      0x456 ./Core/Src/kbd.o
 .debug_line    0x0000102f      0xad3 ./Core/Src/lcd.o
 .debug_line    0x00001b02      0x680 ./Core/Src/main.o
 .debug_line    0x00002182      0x405 ./Core/Src/spi.o
 .debug_line    0x00002587      0x290 ./Core/Src/stm32l1xx_hal_msp.o
 .debug_line    0x00002817      0x179 ./Core/Src/stm32l1xx_it.o
 .debug_line    0x00002990      0x359 ./Core/Src/sysmem.o
 .debug_line    0x00002ce9      0x32f ./Core/Src/system_stm32l1xx.o
 .debug_line    0x00003018      0x5e7 ./Core/Src/tim.o
 .debug_line    0x000035ff      0x842 ./Core/Src/usart.o
 .debug_line    0x00003e41      0x686 ./Drivers/STM32L1xx_HAL_Driver/Src/stm32l1xx_hal.o
 .debug_line    0x000044c7     0x1030 ./Drivers/STM32L1xx_HAL_Driver/Src/stm32l1xx_hal_adc.o
 .debug_line    0x000054f7      0x8dd ./Drivers/STM32L1xx_HAL_Driver/Src/stm32l1xx_hal_cortex.o
 .debug_line    0x00005dd4      0x72f ./Drivers/STM32L1xx_HAL_Driver/Src/stm32l1xx_hal_gpio.o
 .debug_line    0x00006503     0x59d4 ./Drivers/STM32L1xx_HAL_Driver/Src/stm32l1xx_hal_i2c.o
 .debug_line    0x0000bed7      0xeec ./Drivers/STM32L1xx_HAL_Driver/Src/stm32l1xx_hal_rcc.o
 .debug_line    0x0000cdc3     0x2546 ./Drivers/STM32L1xx_HAL_Driver/Src/stm32l1xx_hal_spi.o
 .debug_line    0x0000f309     0x3c7b ./Drivers/STM32L1xx_HAL_Driver/Src/stm32l1xx_hal_tim.o
 .debug_line    0x00012f84      0x40f ./Drivers/STM32L1xx_HAL_Driver/Src/stm32l1xx_hal_tim_ex.o
 .debug_line    0x00013393     0x4230 ./Drivers/STM32L1xx_HAL_Driver/Src/stm32l1xx_hal_uart.o

.debug_str      0x00000000     0x528e
 .debug_str     0x00000000      0x6a4 ./Core/Src/adc.o
                                0x755 (size before relaxing)
 .debug_str     0x000006a4       0x20 ./Core/Src/gpio.o
                                0x21f (size before relaxing)
 .debug_str     0x000006c4      0x2db ./Core/Src/i2c.o
                                0x7d0 (size before relaxing)
 .debug_str     0x0000099f      0x141 ./Core/Src/kbd.o
                                0x365 (size before relaxing)
 .debug_str     0x00000ae0      0x747 ./Core/Src/lcd.o
                                0x94c (size before relaxing)
 .debug_str     0x00001227      0x37e ./Core/Src/main.o
                                0x74f (size before relaxing)
 .debug_str     0x000015a5      0x201 ./Core/Src/spi.o
                                0x71a (size before relaxing)
 .debug_str     0x000017a6       0x2c ./Core/Src/stm32l1xx_hal_msp.o
                                0x226 (size before relaxing)
 .debug_str     0x000017d2       0xb7 ./Core/Src/stm32l1xx_it.o
                                0x231 (size before relaxing)
 .debug_str     0x00001889       0x7d ./Core/Src/sysmem.o
                                0x227 (size before relaxing)
 .debug_str     0x00001906       0x99 ./Core/Src/system_stm32l1xx.o
                                0x29e (size before relaxing)
 .debug_str     0x0000199f      0x46a ./Core/Src/tim.o
                                0x9aa (size before relaxing)
 .debug_str     0x00001e09      0x20b ./Core/Src/usart.o
                                0x7ce (size before relaxing)
 .debug_str     0x00002014      0x5e1 ./Drivers/STM32L1xx_HAL_Driver/Src/stm32l1xx_hal.o
                                0x863 (size before relaxing)
 .debug_str     0x000025f5      0x2ed ./Drivers/STM32L1xx_HAL_Driver/Src/stm32l1xx_hal_adc.o
                                0x9c7 (size before relaxing)
 .debug_str     0x000028e2      0x4c9 ./Drivers/STM32L1xx_HAL_Driver/Src/stm32l1xx_hal_cortex.o
                                0xa94 (size before relaxing)
 .debug_str     0x00002dab       0xf8 ./Drivers/STM32L1xx_HAL_Driver/Src/stm32l1xx_hal_gpio.o
                                0x41f (size before relaxing)
 .debug_str     0x00002ea3      0x8d3 ./Drivers/STM32L1xx_HAL_Driver/Src/stm32l1xx_hal_i2c.o
                                0xfb9 (size before relaxing)
 .debug_str     0x00003776      0x237 ./Drivers/STM32L1xx_HAL_Driver/Src/stm32l1xx_hal_rcc.o
                                0x713 (size before relaxing)
 .debug_str     0x000039ad      0x518 ./Drivers/STM32L1xx_HAL_Driver/Src/stm32l1xx_hal_spi.o
                                0xb87 (size before relaxing)
 .debug_str     0x00003ec5      0xd6c ./Drivers/STM32L1xx_HAL_Driver/Src/stm32l1xx_hal_tim.o
                               0x1591 (size before relaxing)
 .debug_str     0x00004c31       0x57 ./Drivers/STM32L1xx_HAL_Driver/Src/stm32l1xx_hal_tim_ex.o
                                0x746 (size before relaxing)
 .debug_str     0x00004c88      0x606 ./Drivers/STM32L1xx_HAL_Driver/Src/stm32l1xx_hal_uart.o
                                0xd03 (size before relaxing)

.comment        0x00000000       0x43
 .comment       0x00000000       0x43 ./Core/Src/adc.o
                                 0x44 (size before relaxing)
 .comment       0x00000043       0x44 ./Core/Src/gpio.o
 .comment       0x00000043       0x44 ./Core/Src/i2c.o
 .comment       0x00000043       0x44 ./Core/Src/kbd.o
 .comment       0x00000043       0x44 ./Core/Src/lcd.o
 .comment       0x00000043       0x44 ./Core/Src/main.o
 .comment       0x00000043       0x44 ./Core/Src/spi.o
 .comment       0x00000043       0x44 ./Core/Src/stm32l1xx_hal_msp.o
 .comment       0x00000043       0x44 ./Core/Src/stm32l1xx_it.o
 .comment       0x00000043       0x44 ./Core/Src/sysmem.o
 .comment       0x00000043       0x44 ./Core/Src/system_stm32l1xx.o
 .comment       0x00000043       0x44 ./Core/Src/tim.o
 .comment       0x00000043       0x44 ./Core/Src/usart.o
 .comment       0x00000043       0x44 ./Drivers/STM32L1xx_HAL_Driver/Src/stm32l1xx_hal.o
 .comment       0x00000043       0x44 ./Drivers/STM32L1xx_HAL_Driver/Src/stm32l1xx_hal_adc.o
 .comment       0x00000043       0x44 ./Drivers/STM32L1xx_HAL_Driver/Src/stm32l1xx_hal_cortex.o
 .comment       0x00000043       0x44 ./Drivers/STM32L1xx_HAL_Driver/Src/stm32l1xx_hal_gpio.o
 .comment       0x00000043       0x44 ./Drivers/STM32L1xx_HAL_Driver/Src/stm32l1xx_hal_i2c.o
 .comment       0x00000043       0x44 ./Drivers/STM32L1xx_HAL_Driver/Src/stm32l1xx_hal_rcc.o
 .comment       0x00000043       0x44 ./Drivers/STM32L1xx_HAL_Driver/Src/stm32l1xx_hal_spi.o
 .comment       0x00000043       0x44 ./Drivers/STM32L1xx_HAL_Driver/Src/stm32l1xx_hal_tim.o
 .comment       0x00000043       0x44 ./Drivers/STM32L1xx_HAL_Driver/Src/stm32l1xx_hal_tim_ex.o
 .comment       0x00000043       0x44 ./Drivers/STM32L1xx_HAL_Driver/Src/stm32l1xx_hal_uart.o

.debug_frame    0x00000000     0x32a0
 .debug_frame   0x00000000       0x70 ./Core/Src/adc.o
 .debug_frame   0x00000070       0x28 ./Core/Src/gpio.o
 .debug_frame   0x00000098       0x90 ./Core/Src/i2c.o
 .debug_frame   0x00000128       0x74 ./Core/Src/kbd.o
 .debug_frame   0x0000019c      0x330 ./Core/Src/lcd.o
 .debug_frame   0x000004cc       0x60 ./Core/Src/main.o
 .debug_frame   0x0000052c       0x60 ./Core/Src/spi.o
 .debug_frame   0x0000058c       0x28 ./Core/Src/stm32l1xx_hal_msp.o
 .debug_frame   0x000005b4       0xa0 ./Core/Src/stm32l1xx_it.o
 .debug_frame   0x00000654       0x28 ./Core/Src/sysmem.o
 .debug_frame   0x0000067c       0x30 ./Core/Src/system_stm32l1xx.o
 .debug_frame   0x000006ac       0xa8 ./Core/Src/tim.o
 .debug_frame   0x00000754       0xf4 ./Core/Src/usart.o
 .debug_frame   0x00000848      0x1d4 ./Drivers/STM32L1xx_HAL_Driver/Src/stm32l1xx_hal.o
 .debug_frame   0x00000a1c      0x29c ./Drivers/STM32L1xx_HAL_Driver/Src/stm32l1xx_hal_adc.o
 .debug_frame   0x00000cb8      0x158 ./Drivers/STM32L1xx_HAL_Driver/Src/stm32l1xx_hal_cortex.o
 .debug_frame   0x00000e10       0xd4 ./Drivers/STM32L1xx_HAL_Driver/Src/stm32l1xx_hal_gpio.o
 .debug_frame   0x00000ee4      0x758 ./Drivers/STM32L1xx_HAL_Driver/Src/stm32l1xx_hal_i2c.o
 .debug_frame   0x0000163c      0x170 ./Drivers/STM32L1xx_HAL_Driver/Src/stm32l1xx_hal_rcc.o
 .debug_frame   0x000017ac      0x598 ./Drivers/STM32L1xx_HAL_Driver/Src/stm32l1xx_hal_spi.o
 .debug_frame   0x00001d44      0x944 ./Drivers/STM32L1xx_HAL_Driver/Src/stm32l1xx_hal_tim.o
 .debug_frame   0x00002688       0x3c ./Drivers/STM32L1xx_HAL_Driver/Src/stm32l1xx_hal_tim_ex.o
 .debug_frame   0x000026c4      0x594 ./Drivers/STM32L1xx_HAL_Driver/Src/stm32l1xx_hal_uart.o
 .debug_frame   0x00002c58      0x144 C:/ST/STM32CubeIDE_1.17.0/STM32CubeIDE/plugins/com.st.stm32cube.ide.mcu.externaltools.gnu-tools-for-stm32.12.3.rel1.win32_1.1.0.202410251130/tools/bin/../lib/gcc/arm-none-eabi/12.3.1/../../../../arm-none-eabi/lib/thumb/v7-m/nofp\libc_nano.a(libc_a-findfp.o)
 .debug_frame   0x00002d9c       0x7c C:/ST/STM32CubeIDE_1.17.0/STM32CubeIDE/plugins/com.st.stm32cube.ide.mcu.externaltools.gnu-tools-for-stm32.12.3.rel1.win32_1.1.0.202410251130/tools/bin/../lib/gcc/arm-none-eabi/12.3.1/../../../../arm-none-eabi/lib/thumb/v7-m/nofp\libc_nano.a(libc_a-snprintf.o)
 .debug_frame   0x00002e18       0x20 C:/ST/STM32CubeIDE_1.17.0/STM32CubeIDE/plugins/com.st.stm32cube.ide.mcu.externaltools.gnu-tools-for-stm32.12.3.rel1.win32_1.1.0.202410251130/tools/bin/../lib/gcc/arm-none-eabi/12.3.1/../../../../arm-none-eabi/lib/thumb/v7-m/nofp\libc_nano.a(libc_a-memset.o)
 .debug_frame   0x00002e38       0x2c C:/ST/STM32CubeIDE_1.17.0/STM32CubeIDE/plugins/com.st.stm32cube.ide.mcu.externaltools.gnu-tools-for-stm32.12.3.rel1.win32_1.1.0.202410251130/tools/bin/../lib/gcc/arm-none-eabi/12.3.1/../../../../arm-none-eabi/lib/thumb/v7-m/nofp\libc_nano.a(libc_a-strncat.o)
 .debug_frame   0x00002e64       0x38 C:/ST/STM32CubeIDE_1.17.0/STM32CubeIDE/plugins/com.st.stm32cube.ide.mcu.externaltools.gnu-tools-for-stm32.12.3.rel1.win32_1.1.0.202410251130/tools/bin/../lib/gcc/arm-none-eabi/12.3.1/../../../../arm-none-eabi/lib/thumb/v7-m/nofp\libc_nano.a(libc_a-reent.o)
 .debug_frame   0x00002e9c       0x20 C:/ST/STM32CubeIDE_1.17.0/STM32CubeIDE/plugins/com.st.stm32cube.ide.mcu.externaltools.gnu-tools-for-stm32.12.3.rel1.win32_1.1.0.202410251130/tools/bin/../lib/gcc/arm-none-eabi/12.3.1/../../../../arm-none-eabi/lib/thumb/v7-m/nofp\libc_nano.a(libc_a-errno.o)
 .debug_frame   0x00002ebc       0x2c C:/ST/STM32CubeIDE_1.17.0/STM32CubeIDE/plugins/com.st.stm32cube.ide.mcu.externaltools.gnu-tools-for-stm32.12.3.rel1.win32_1.1.0.202410251130/tools/bin/../lib/gcc/arm-none-eabi/12.3.1/../../../../arm-none-eabi/lib/thumb/v7-m/nofp\libc_nano.a(libc_a-init.o)
 .debug_frame   0x00002ee8       0xb0 C:/ST/STM32CubeIDE_1.17.0/STM32CubeIDE/plugins/com.st.stm32cube.ide.mcu.externaltools.gnu-tools-for-stm32.12.3.rel1.win32_1.1.0.202410251130/tools/bin/../lib/gcc/arm-none-eabi/12.3.1/../../../../arm-none-eabi/lib/thumb/v7-m/nofp\libc_nano.a(libc_a-lock.o)
 .debug_frame   0x00002f98       0x38 C:/ST/STM32CubeIDE_1.17.0/STM32CubeIDE/plugins/com.st.stm32cube.ide.mcu.externaltools.gnu-tools-for-stm32.12.3.rel1.win32_1.1.0.202410251130/tools/bin/../lib/gcc/arm-none-eabi/12.3.1/../../../../arm-none-eabi/lib/thumb/v7-m/nofp\libc_nano.a(libc_a-freer.o)
 .debug_frame   0x00002fd0       0x50 C:/ST/STM32CubeIDE_1.17.0/STM32CubeIDE/plugins/com.st.stm32cube.ide.mcu.externaltools.gnu-tools-for-stm32.12.3.rel1.win32_1.1.0.202410251130/tools/bin/../lib/gcc/arm-none-eabi/12.3.1/../../../../arm-none-eabi/lib/thumb/v7-m/nofp\libc_nano.a(libc_a-mallocr.o)
 .debug_frame   0x00003020       0x30 C:/ST/STM32CubeIDE_1.17.0/STM32CubeIDE/plugins/com.st.stm32cube.ide.mcu.externaltools.gnu-tools-for-stm32.12.3.rel1.win32_1.1.0.202410251130/tools/bin/../lib/gcc/arm-none-eabi/12.3.1/../../../../arm-none-eabi/lib/thumb/v7-m/nofp\libc_nano.a(libc_a-mlock.o)
 .debug_frame   0x00003050       0x90 C:/ST/STM32CubeIDE_1.17.0/STM32CubeIDE/plugins/com.st.stm32cube.ide.mcu.externaltools.gnu-tools-for-stm32.12.3.rel1.win32_1.1.0.202410251130/tools/bin/../lib/gcc/arm-none-eabi/12.3.1/../../../../arm-none-eabi/lib/thumb/v7-m/nofp\libc_nano.a(libc_a-nano-svfprintf.o)
 .debug_frame   0x000030e0       0x60 C:/ST/STM32CubeIDE_1.17.0/STM32CubeIDE/plugins/com.st.stm32cube.ide.mcu.externaltools.gnu-tools-for-stm32.12.3.rel1.win32_1.1.0.202410251130/tools/bin/../lib/gcc/arm-none-eabi/12.3.1/../../../../arm-none-eabi/lib/thumb/v7-m/nofp\libc_nano.a(libc_a-nano-vfprintf_i.o)
 .debug_frame   0x00003140       0x28 C:/ST/STM32CubeIDE_1.17.0/STM32CubeIDE/plugins/com.st.stm32cube.ide.mcu.externaltools.gnu-tools-for-stm32.12.3.rel1.win32_1.1.0.202410251130/tools/bin/../lib/gcc/arm-none-eabi/12.3.1/../../../../arm-none-eabi/lib/thumb/v7-m/nofp\libc_nano.a(libc_a-memmove.o)
 .debug_frame   0x00003168       0x2c C:/ST/STM32CubeIDE_1.17.0/STM32CubeIDE/plugins/com.st.stm32cube.ide.mcu.externaltools.gnu-tools-for-stm32.12.3.rel1.win32_1.1.0.202410251130/tools/bin/../lib/gcc/arm-none-eabi/12.3.1/../../../../arm-none-eabi/lib/thumb/v7-m/nofp\libc_nano.a(libc_a-sbrkr.o)
 .debug_frame   0x00003194       0x28 C:/ST/STM32CubeIDE_1.17.0/STM32CubeIDE/plugins/com.st.stm32cube.ide.mcu.externaltools.gnu-tools-for-stm32.12.3.rel1.win32_1.1.0.202410251130/tools/bin/../lib/gcc/arm-none-eabi/12.3.1/../../../../arm-none-eabi/lib/thumb/v7-m/nofp\libc_nano.a(libc_a-memchr-stub.o)
 .debug_frame   0x000031bc       0x28 C:/ST/STM32CubeIDE_1.17.0/STM32CubeIDE/plugins/com.st.stm32cube.ide.mcu.externaltools.gnu-tools-for-stm32.12.3.rel1.win32_1.1.0.202410251130/tools/bin/../lib/gcc/arm-none-eabi/12.3.1/../../../../arm-none-eabi/lib/thumb/v7-m/nofp\libc_nano.a(libc_a-memcpy-stub.o)
 .debug_frame   0x000031e4       0x3c C:/ST/STM32CubeIDE_1.17.0/STM32CubeIDE/plugins/com.st.stm32cube.ide.mcu.externaltools.gnu-tools-for-stm32.12.3.rel1.win32_1.1.0.202410251130/tools/bin/../lib/gcc/arm-none-eabi/12.3.1/../../../../arm-none-eabi/lib/thumb/v7-m/nofp\libc_nano.a(libc_a-reallocr.o)
 .debug_frame   0x00003220       0x20 C:/ST/STM32CubeIDE_1.17.0/STM32CubeIDE/plugins/com.st.stm32cube.ide.mcu.externaltools.gnu-tools-for-stm32.12.3.rel1.win32_1.1.0.202410251130/tools/bin/../lib/gcc/arm-none-eabi/12.3.1/../../../../arm-none-eabi/lib/thumb/v7-m/nofp\libc_nano.a(libc_a-msizer.o)
 .debug_frame   0x00003240       0x2c C:/ST/STM32CubeIDE_1.17.0/STM32CubeIDE/plugins/com.st.stm32cube.ide.mcu.externaltools.gnu-tools-for-stm32.12.3.rel1.win32_1.1.0.202410251130/tools/bin/../lib/gcc/arm-none-eabi/12.3.1/thumb/v7-m/nofp\libgcc.a(_aeabi_uldivmod.o)
 .debug_frame   0x0000326c       0x34 C:/ST/STM32CubeIDE_1.17.0/STM32CubeIDE/plugins/com.st.stm32cube.ide.mcu.externaltools.gnu-tools-for-stm32.12.3.rel1.win32_1.1.0.202410251130/tools/bin/../lib/gcc/arm-none-eabi/12.3.1/thumb/v7-m/nofp\libgcc.a(_udivmoddi4.o)
